Archive member included to satisfy reference by file (symbol)

D:/Tools.i4N/Arm-None-Eabi-Gcc/arm-gnu-toolchain-14.3.rel1-mingw-w64-x86_64-arm-none-eabi/bin/../lib/gcc/arm-none-eabi/14.3.1/../../../../arm-none-eabi/lib/thumb/v7e-m+fp/hard\libc_nano.a(libc_a-exit.o)
                              D:/Tools.i4N/Arm-None-Eabi-Gcc/arm-gnu-toolchain-14.3.rel1-mingw-w64-x86_64-arm-none-eabi/bin/../lib/gcc/arm-none-eabi/14.3.1/../../../../arm-none-eabi/lib/thumb/v7e-m+fp/hard/crt0.o (exit)
D:/Tools.i4N/Arm-None-Eabi-Gcc/arm-gnu-toolchain-14.3.rel1-mingw-w64-x86_64-arm-none-eabi/bin/../lib/gcc/arm-none-eabi/14.3.1/../../../../arm-none-eabi/lib/thumb/v7e-m+fp/hard\libc_nano.a(libc_a-nano-vfprintf_float.o)
                              (_printf_float)
D:/Tools.i4N/Arm-None-Eabi-Gcc/arm-gnu-toolchain-14.3.rel1-mingw-w64-x86_64-arm-none-eabi/bin/../lib/gcc/arm-none-eabi/14.3.1/../../../../arm-none-eabi/lib/thumb/v7e-m+fp/hard\libc_nano.a(libc_a-nano-vfprintf_i.o)
                              D:/Tools.i4N/Arm-None-Eabi-Gcc/arm-gnu-toolchain-14.3.rel1-mingw-w64-x86_64-arm-none-eabi/bin/../lib/gcc/arm-none-eabi/14.3.1/../../../../arm-none-eabi/lib/thumb/v7e-m+fp/hard\libc_nano.a(libc_a-nano-vfprintf_float.o) (_printf_common)
D:/Tools.i4N/Arm-None-Eabi-Gcc/arm-gnu-toolchain-14.3.rel1-mingw-w64-x86_64-arm-none-eabi/bin/../lib/gcc/arm-none-eabi/14.3.1/../../../../arm-none-eabi/lib/thumb/v7e-m+fp/hard\libc_nano.a(libc_a-findfp.o)
                              D:/Tools.i4N/Arm-None-Eabi-Gcc/arm-gnu-toolchain-14.3.rel1-mingw-w64-x86_64-arm-none-eabi/bin/../lib/gcc/arm-none-eabi/14.3.1/../../../../arm-none-eabi/lib/thumb/v7e-m+fp/hard\libc_nano.a(libc_a-exit.o) (__stdio_exit_handler)
D:/Tools.i4N/Arm-None-Eabi-Gcc/arm-gnu-toolchain-14.3.rel1-mingw-w64-x86_64-arm-none-eabi/bin/../lib/gcc/arm-none-eabi/14.3.1/../../../../arm-none-eabi/lib/thumb/v7e-m+fp/hard\libc_nano.a(libc_a-fwalk.o)
                              D:/Tools.i4N/Arm-None-Eabi-Gcc/arm-gnu-toolchain-14.3.rel1-mingw-w64-x86_64-arm-none-eabi/bin/../lib/gcc/arm-none-eabi/14.3.1/../../../../arm-none-eabi/lib/thumb/v7e-m+fp/hard\libc_nano.a(libc_a-findfp.o) (_fwalk_sglue)
D:/Tools.i4N/Arm-None-Eabi-Gcc/arm-gnu-toolchain-14.3.rel1-mingw-w64-x86_64-arm-none-eabi/bin/../lib/gcc/arm-none-eabi/14.3.1/../../../../arm-none-eabi/lib/thumb/v7e-m+fp/hard\libc_nano.a(libc_a-snprintf.o)
                              CMakeFiles/Tlaloc.dir/Hardware.i4N/ST7306.cpp.obj (snprintf)
D:/Tools.i4N/Arm-None-Eabi-Gcc/arm-gnu-toolchain-14.3.rel1-mingw-w64-x86_64-arm-none-eabi/bin/../lib/gcc/arm-none-eabi/14.3.1/../../../../arm-none-eabi/lib/thumb/v7e-m+fp/hard\libc_nano.a(libc_a-stdio.o)
                              D:/Tools.i4N/Arm-None-Eabi-Gcc/arm-gnu-toolchain-14.3.rel1-mingw-w64-x86_64-arm-none-eabi/bin/../lib/gcc/arm-none-eabi/14.3.1/../../../../arm-none-eabi/lib/thumb/v7e-m+fp/hard\libc_nano.a(libc_a-findfp.o) (__sread)
D:/Tools.i4N/Arm-None-Eabi-Gcc/arm-gnu-toolchain-14.3.rel1-mingw-w64-x86_64-arm-none-eabi/bin/../lib/gcc/arm-none-eabi/14.3.1/../../../../arm-none-eabi/lib/thumb/v7e-m+fp/hard\libc_nano.a(libc_a-memset.o)
                              D:/Tools.i4N/Arm-None-Eabi-Gcc/arm-gnu-toolchain-14.3.rel1-mingw-w64-x86_64-arm-none-eabi/bin/../lib/gcc/arm-none-eabi/14.3.1/../../../../arm-none-eabi/lib/thumb/v7e-m+fp/hard/crt0.o (memset)
D:/Tools.i4N/Arm-None-Eabi-Gcc/arm-gnu-toolchain-14.3.rel1-mingw-w64-x86_64-arm-none-eabi/bin/../lib/gcc/arm-none-eabi/14.3.1/../../../../arm-none-eabi/lib/thumb/v7e-m+fp/hard\libc_nano.a(libc_a-localeconv.o)
                              D:/Tools.i4N/Arm-None-Eabi-Gcc/arm-gnu-toolchain-14.3.rel1-mingw-w64-x86_64-arm-none-eabi/bin/../lib/gcc/arm-none-eabi/14.3.1/../../../../arm-none-eabi/lib/thumb/v7e-m+fp/hard\libc_nano.a(libc_a-nano-vfprintf_float.o) (_localeconv_r)
D:/Tools.i4N/Arm-None-Eabi-Gcc/arm-gnu-toolchain-14.3.rel1-mingw-w64-x86_64-arm-none-eabi/bin/../lib/gcc/arm-none-eabi/14.3.1/../../../../arm-none-eabi/lib/thumb/v7e-m+fp/hard\libc_nano.a(libc_a-closer.o)
                              D:/Tools.i4N/Arm-None-Eabi-Gcc/arm-gnu-toolchain-14.3.rel1-mingw-w64-x86_64-arm-none-eabi/bin/../lib/gcc/arm-none-eabi/14.3.1/../../../../arm-none-eabi/lib/thumb/v7e-m+fp/hard\libc_nano.a(libc_a-stdio.o) (_close_r)
D:/Tools.i4N/Arm-None-Eabi-Gcc/arm-gnu-toolchain-14.3.rel1-mingw-w64-x86_64-arm-none-eabi/bin/../lib/gcc/arm-none-eabi/14.3.1/../../../../arm-none-eabi/lib/thumb/v7e-m+fp/hard\libc_nano.a(libc_a-reent.o)
                              D:/Tools.i4N/Arm-None-Eabi-Gcc/arm-gnu-toolchain-14.3.rel1-mingw-w64-x86_64-arm-none-eabi/bin/../lib/gcc/arm-none-eabi/14.3.1/../../../../arm-none-eabi/lib/thumb/v7e-m+fp/hard\libc_nano.a(libc_a-closer.o) (errno)
D:/Tools.i4N/Arm-None-Eabi-Gcc/arm-gnu-toolchain-14.3.rel1-mingw-w64-x86_64-arm-none-eabi/bin/../lib/gcc/arm-none-eabi/14.3.1/../../../../arm-none-eabi/lib/thumb/v7e-m+fp/hard\libc_nano.a(libc_a-impure.o)
[...]
Memory Configuration

Name             Origin             Length             Attributes
RAM              0x20000000         0x00020000         xrw
FLASH            0x08000000         0x00080000         xr
*default*        0x00000000         0xffffffff

Linker script and memory map

LOAD D:/Tools.i4N/Arm-None-Eabi-Gcc/arm-gnu-toolchain-14.3.rel1-mingw-w64-x86_64-arm-none-eabi/bin/../lib/gcc/arm-none-eabi/14.3.1/thumb/v7e-m+fp/hard/crti.o
LOAD D:/Tools.i4N/Arm-None-Eabi-Gcc/arm-gnu-toolchain-14.3.rel1-mingw-w64-x86_64-arm-none-eabi/bin/../lib/gcc/arm-none-eabi/14.3.1/thumb/v7e-m+fp/hard/crtbegin.o
LOAD D:/Tools.i4N/Arm-None-Eabi-Gcc/arm-gnu-toolchain-14.3.rel1-mingw-w64-x86_64-arm-none-eabi/bin/../lib/gcc/arm-none-eabi/14.3.1/../../../../arm-none-eabi/lib/thumb/v7e-m+fp/hard/crt0.o
START GROUP
END GROUP
START GROUP
LOAD D:/Tools.i4N/Arm-None-Eabi-Gcc/arm-gnu-toolchain-14.3.rel1-mingw-w64-x86_64-arm-none-eabi/bin/../lib/gcc/arm-none-eabi/14.3.1/../../../../arm-none-eabi/lib/thumb/v7e-m+fp/hard\libstdc++_nano.a
LOAD D:/Tools.i4N/Arm-None-Eabi-Gcc/arm-gnu-toolchain-14.3.rel1-mingw-w64-x86_64-arm-none-eabi/bin/../lib/gcc/arm-none-eabi/14.3.1/../../../../arm-none-eabi/lib/thumb/v7e-m+fp/hard\libsupc++_nano.a
END GROUP
LOAD cmake/stm32cubemx/CMakeFiles/STM32_Drivers.dir/__/__/Core/Src/system_stm32f4xx.c.obj
LOAD cmake/stm32cubemx/CMakeFiles/STM32_Drivers.dir/__/__/Drivers/STM32F4xx_HAL_Driver/Src/stm32f4xx_hal_i2c.c.obj
LOAD cmake/stm32cubemx/CMakeFiles/STM32_Drivers.dir/__/__/Drivers/STM32F4xx_HAL_Driver/Src/stm32f4xx_hal_i2c_ex.c.obj
LOAD cmake/stm32cubemx/CMakeFiles/STM32_Drivers.dir/__/__/Drivers/STM32F4xx_HAL_Driver/Src/stm32f4xx_hal_rcc.c.obj
LOAD cmake/stm32cubemx/CMakeFiles/STM32_Drivers.dir/__/__/Drivers/STM32F4xx_HAL_Driver/Src/stm32f4xx_hal_rcc_ex.c.obj
LOAD cmake/stm32cubemx/CMakeFiles/STM32_Drivers.dir/__/__/Drivers/STM32F4xx_HAL_Driver/Src/stm32f4xx_hal_flash.c.obj
LOAD cmake/stm32cubemx/CMakeFiles/STM32_Drivers.dir/__/__/Drivers/STM32F4xx_HAL_Driver/Src/stm32f4xx_hal_flash_ex.c.obj
LOAD cmake/stm32cubemx/CMakeFiles/STM32_Drivers.dir/__/__/Drivers/STM32F4xx_HAL_Driver/Src/stm32f4xx_hal_flash_ramfunc.c.obj
LOAD cmake/stm32cubemx/CMakeFiles/STM32_Drivers.dir/__/__/Drivers/STM32F4xx_HAL_Driver/Src/stm32f4xx_hal_gpio.c.obj
LOAD cmake/stm32cubemx/CMakeFiles/STM32_Drivers.dir/__/__/Drivers/STM32F4xx_HAL_Driver/Src/stm32f4xx_hal_dma_ex.c.obj
LOAD cmake/stm32cubemx/CMakeFiles/STM32_Drivers.dir/__/__/Drivers/STM32F4xx_HAL_Driver/Src/stm32f4xx_hal_dma.c.obj
LOAD cmake/stm32cubemx/CMakeFiles/STM32_Drivers.dir/__/__/Drivers/STM32F4xx_HAL_Driver/Src/stm32f4xx_hal_pwr.c.obj
LOAD cmake/stm32cubemx/CMakeFiles/STM32_Drivers.dir/__/__/Drivers/STM32F4xx_HAL_Driver/Src/stm32f4xx_hal_pwr_ex.c.obj
LOAD cmake/stm32cubemx/CMakeFiles/STM32_Drivers.dir/__/__/Drivers/STM32F4xx_HAL_Driver/Src/stm32f4xx_hal_cortex.c.obj
LOAD cmake/stm32cubemx/CMakeFiles/STM32_Drivers.dir/__/__/Drivers/STM32F4xx_HAL_Driver/Src/stm32f4xx_hal.c.obj
LOAD cmake/stm32cubemx/CMakeFiles/STM32_Drivers.dir/__/__/Drivers/STM32F4xx_HAL_Driver/Src/stm32f4xx_hal_exti.c.obj
LOAD cmake/stm32cubemx/CMakeFiles/STM32_Drivers.dir/__/__/Drivers/STM32F4xx_HAL_Driver/Src/stm32f4xx_hal_spi.c.obj
LOAD cmake/stm32cubemx/CMakeFiles/STM32_Drivers.dir/__/__/Drivers/STM32F4xx_HAL_Driver/Src/stm32f4xx_hal_tim.c.obj
LOAD cmake/stm32cubemx/CMakeFiles/STM32_Drivers.dir/__/__/Drivers/STM32F4xx_HAL_Driver/Src/stm32f4xx_hal_tim_ex.c.obj
LOAD cmake/stm32cubemx/CMakeFiles/STM32_Drivers.dir/__/__/Drivers/STM32F4xx_HAL_Driver/Src/stm32f4xx_hal_uart.c.obj
LOAD CMakeFiles/Tlaloc.dir/Hardware.i4N/ST7306.cpp.obj
LOAD CMakeFiles/Tlaloc.dir/Hardware.i4N/ST7306_UI.cpp.obj
LOAD CMakeFiles/Tlaloc.dir/Hardware.i4N/uart_app.cpp.obj
LOAD CMakeFiles/Tlaloc.dir/System.i4N/cppmain.cpp.obj
LOAD CMakeFiles/Tlaloc.dir/Core/Src/main.c.obj
LOAD CMakeFiles/Tlaloc.dir/Core/Src/gpio.c.obj
LOAD CMakeFiles/Tlaloc.dir/Core/Src/i2c.c.obj
LOAD CMakeFiles/Tlaloc.dir/Core/Src/spi.c.obj
LOAD CMakeFiles/Tlaloc.dir/Core/Src/tim.c.obj
LOAD CMakeFiles/Tlaloc.dir/Core/Src/usart.c.obj
LOAD CMakeFiles/Tlaloc.dir/Core/Src/stm32f4xx_it.c.obj
LOAD CMakeFiles/Tlaloc.dir/Core/Src/stm32f4xx_hal_msp.c.obj
LOAD CMakeFiles/Tlaloc.dir/Core/Src/sysmem.c.obj
LOAD CMakeFiles/Tlaloc.dir/Core/Src/syscalls.c.obj
LOAD CMakeFiles/Tlaloc.dir/startup_stm32f411xe.s.obj
LOAD D:/Tools.i4N/Arm-None-Eabi-Gcc/arm-gnu-toolchain-14.3.rel1-mingw-w64-x86_64-arm-none-eabi/bin/../lib/gcc/arm-none-eabi/14.3.1/../../../../arm-none-eabi/lib/thumb/v7e-m+fp/hard\libstdc++_nano.a
LOAD D:/Tools.i4N/Arm-None-Eabi-Gcc/arm-gnu-toolchain-14.3.rel1-mingw-w64-x86_64-arm-none-eabi/bin/../lib/gcc/arm-none-eabi/14.3.1/../../../../arm-none-eabi/lib/thumb/v7e-m+fp/hard\libm.a
LOAD D:/Tools.i4N/Arm-None-Eabi-Gcc/arm-gnu-toolchain-14.3.rel1-mingw-w64-x86_64-arm-none-eabi/bin/../lib/gcc/arm-none-eabi/14.3.1/../../../../arm-none-eabi/lib/thumb/v7e-m+fp/hard\libc_nano.a
START GROUP
LOAD D:/Tools.i4N/Arm-None-Eabi-Gcc/arm-gnu-toolchain-14.3.rel1-mingw-w64-x86_64-arm-none-eabi/bin/../lib/gcc/arm-none-eabi/14.3.1/thumb/v7e-m+fp/hard\libgcc.a
LOAD D:/Tools.i4N/Arm-None-Eabi-Gcc/arm-gnu-toolchain-14.3.rel1-mingw-w64-x86_64-arm-none-eabi/bin/../lib/gcc/arm-none-eabi/14.3.1/../../../../arm-none-eabi/lib/thumb/v7e-m+fp/hard\libg_nano.a
LOAD D:/Tools.i4N/Arm-None-Eabi-Gcc/arm-gnu-toolchain-14.3.rel1-mingw-w64-x86_64-arm-none-eabi/bin/../lib/gcc/arm-none-eabi/14.3.1/../../../../arm-none-eabi/lib/thumb/v7e-m+fp/hard\libc_nano.a
END GROUP
START GROUP
LOAD D:/Tools.i4N/Arm-None-Eabi-Gcc/arm-gnu-toolchain-14.3.rel1-mingw-w64-x86_64-arm-none-eabi/bin/../lib/gcc/arm-none-eabi/14.3.1/thumb/v7e-m+fp/hard\libgcc.a
LOAD D:/Tools.i4N/Arm-None-Eabi-Gcc/arm-gnu-toolchain-14.3.rel1-mingw-w64-x86_64-arm-none-eabi/bin/../lib/gcc/arm-none-eabi/14.3.1/../../../../arm-none-eabi/lib/thumb/v7e-m+fp/hard\libc_nano.a
END GROUP
LOAD D:/Tools.i4N/Arm-None-Eabi-Gcc/arm-gnu-toolchain-14.3.rel1-mingw-w64-x86_64-arm-none-eabi/bin/../lib/gcc/arm-none-eabi/14.3.1/thumb/v7e-m+fp/hard/crtend.o
LOAD D:/Tools.i4N/Arm-None-Eabi-Gcc/arm-gnu-toolchain-14.3.rel1-mingw-w64-x86_64-arm-none-eabi/bin/../lib/gcc/arm-none-eabi/14.3.1/thumb/v7e-m+fp/hard/crtn.o
                0x20020000                        _estack = (ORIGIN (RAM) + LENGTH (RAM))
                0x00000200                        _Min_Heap_Size = 0x200
                0x00000400                        _Min_Stack_Size = 0x400

.isr_vector     0x08000000      0x198
                0x08000000                        . = ALIGN (0x4)
 *(.isr_vector)
 .isr_vector    0x08000000      0x198 CMakeFiles/Tlaloc.dir/startup_stm32f411xe.s.obj
                0x08000000                g_pfnVectors
                0x08000198                        . = ALIGN (0x4)

.text           0x080001a0     0x755c
                0x080001a0                        . = ALIGN (0x4)
 *(.text)
 .text          0x080001a0       0xa0 D:/Tools.i4N/Arm-None-Eabi-Gcc/arm-gnu-toolchain-14.3.rel1-mingw-w64-x86_64-arm-none-eabi/bin/../lib/gcc/arm-none-eabi/14.3.1/../../../../arm-none-eabi/lib/thumb/v7e-m+fp/hard\libc_nano.a(libc_a-memchr.o)
                0x080001a0                memchr
 .text          0x08000240       0x10 D:/Tools.i4N/Arm-None-Eabi-Gcc/arm-gnu-toolchain-14.3.rel1-mingw-w64-x86_64-arm-none-eabi/bin/../lib/gcc/arm-none-eabi/14.3.1/../../../../arm-none-eabi/lib/thumb/v7e-m+fp/hard\libc_nano.a(libc_a-strlen.o)
                0x08000240                strlen
 .text          0x08000250      0x378 D:/Tools.i4N/Arm-None-Eabi-Gcc/arm-gnu-toolchain-14.3.rel1-mingw-w64-x86_64-arm-none-eabi/bin/../lib/gcc/arm-none-eabi/14.3.1/thumb/v7e-m+fp/hard\libgcc.a(_arm_addsubdf3.o)
                0x08000250                __aeabi_drsub
                0x08000258                __aeabi_dsub
                0x08000258                __subdf3
                0x0800025c                __aeabi_dadd
                0x0800025c                __adddf3
                0x080004d4                __floatunsidf
                0x080004d4                __aeabi_ui2d
                0x080004f4                __floatsidf
                0x080004f4                __aeabi_i2d
                0x08000518                __aeabi_f2d
                0x08000518                __extendsfdf2
                0x0800055c                __floatundidf
                0x0800055c                __aeabi_ul2d
                0x0800056c                __floatdidf
                0x0800056c                __aeabi_l2d
 .text          0x080005c8      0x424 D:/Tools.i4N/Arm-None-Eabi-Gcc/arm-gnu-toolchain-14.3.rel1-mingw-w64-x86_64-arm-none-eabi/bin/../lib/gcc/arm-none-eabi/14.3.1/thumb/v7e-m+fp/hard\libgcc.a(_arm_muldivdf3.o)
                0x080005c8                __aeabi_dmul
                0x080005c8                __muldf3
                0x0800081c                __divdf3
                0x0800081c                __aeabi_ddiv
 .text          0x080009ec      0x110 D:/Tools.i4N/Arm-None-Eabi-Gcc/arm-gnu-toolchain-14.3.rel1-mingw-w64-x86_64-arm-none-eabi/bin/../lib/gcc/arm-none-eabi/14.3.1/thumb/v7e-m+fp/hard\libgcc.a(_arm_cmpdf2.o)
                0x080009ec                __gtdf2
                0x080009ec                __gedf2
                0x080009f4                __ltdf2
                0x080009f4                __ledf2
                0x080009fc                __nedf2
                0x080009fc                __eqdf2
                0x080009fc                __cmpdf2
                0x08000a78                __aeabi_cdrcmple
                0x08000a88                __aeabi_cdcmpeq
                0x08000a88                __aeabi_cdcmple
                0x08000a98                __aeabi_dcmpeq
                0x08000aac                __aeabi_dcmplt
                0x08000ac0                __aeabi_dcmple
                0x08000ad4                __aeabi_dcmpge
                0x08000ae8                __aeabi_dcmpgt
 .text          0x08000afc       0x2c D:/Tools.i4N/Arm-None-Eabi-Gcc/arm-gnu-toolchain-14.3.rel1-mingw-w64-x86_64-arm-none-eabi/bin/../lib/gcc/arm-none-eabi/14.3.1/thumb/v7e-m+fp/hard\libgcc.a(_arm_unorddf2.o)
                0x08000afc                __unorddf2
                0x08000afc                __aeabi_dcmpun
 .text          0x08000b28       0x50 D:/Tools.i4N/Arm-None-Eabi-Gcc/arm-gnu-toolchain-14.3.rel1-mingw-w64-x86_64-arm-none-eabi/bin/../lib/gcc/arm-none-eabi/14.3.1/thumb/v7e-m+fp/hard\libgcc.a(_arm_fixdfsi.o)
                0x08000b28                __aeabi_d2iz
                0x08000b28                __fixdfsi
 .text          0x08000b78       0x30 D:/Tools.i4N/Arm-None-Eabi-Gcc/arm-gnu-toolchain-14.3.rel1-mingw-w64-x86_64-arm-none-eabi/bin/../lib/gcc/arm-none-eabi/14.3.1/thumb/v7e-m+fp/hard\libgcc.a(_aeabi_uldivmod.o)
                0x08000b78                __aeabi_uldivmod
 .text          0x08000ba8        0x4 D:/Tools.i4N/Arm-None-Eabi-Gcc/arm-gnu-toolchain-14.3.rel1-mingw-w64-x86_64-arm-none-eabi/bin/../lib/gcc/arm-none-eabi/14.3.1/thumb/v7e-m+fp/hard\libgcc.a(_dvmd_tls.o)
                0x08000ba8                __aeabi_idiv0
                0x08000ba8                __aeabi_ldiv0
 *(.text*)
 .text.deregister_tm_clones
                0x08000bac       0x1c D:/Tools.i4N/Arm-None-Eabi-Gcc/arm-gnu-toolchain-14.3.rel1-mingw-w64-x86_64-arm-none-eabi/bin/../lib/gcc/arm-none-eabi/14.3.1/thumb/v7e-m+fp/hard/crtbegin.o
 .text.register_tm_clones
                0x08000bc8       0x24 D:/Tools.i4N/Arm-None-Eabi-Gcc/arm-gnu-toolchain-14.3.rel1-mingw-w64-x86_64-arm-none-eabi/bin/../lib/gcc/arm-none-eabi/14.3.1/thumb/v7e-m+fp/hard/crtbegin.o
 .text.__do_global_dtors_aux
                0x08000bec       0x28 D:/Tools.i4N/Arm-None-Eabi-Gcc/arm-gnu-toolchain-14.3.rel1-mingw-w64-x86_64-arm-none-eabi/bin/../lib/gcc/arm-none-eabi/14.3.1/thumb/v7e-m+fp/hard/crtbegin.o
 .text.frame_dummy
                0x08000c14       0x24 D:/Tools.i4N/Arm-None-Eabi-Gcc/arm-gnu-toolchain-14.3.rel1-mingw-w64-x86_64-arm-none-eabi/bin/../lib/gcc/arm-none-eabi/14.3.1/thumb/v7e-m+fp/hard/crtbegin.o
 .text.SystemInit
                0x08000c38       0x24 cmake/stm32cubemx/CMakeFiles/STM32_Drivers.dir/__/__/Core/Src/system_stm32f4xx.c.obj
                0x08000c38                SystemInit
 .text.HAL_I2C_Init
                0x08000c5c      0x288 cmake/stm32cubemx/CMakeFiles/STM32_Drivers.dir/__/__/Drivers/STM32F4xx_HAL_Driver/Src/stm32f4xx_hal_i2c.c.obj
                0x08000c5c                HAL_I2C_Init
 .text.HAL_RCC_OscConfig
                0x08000ee4      0x4f0 cmake/stm32cubemx/CMakeFiles/STM32_Drivers.dir/__/__/Drivers/STM32F4xx_HAL_Driver/Src/stm32f4xx_hal_rcc.c.obj
                0x08000ee4                HAL_RCC_OscConfig
 .text.HAL_RCC_ClockConfig
                0x080013d4      0x1cc cmake/stm32cubemx/CMakeFiles/STM32_Drivers.dir/__/__/Drivers/STM32F4xx_HAL_Driver/Src/stm32f4xx_hal_rcc.c.obj
                0x080013d4                HAL_RCC_ClockConfig
 .text.HAL_RCC_GetSysClockFreq
                0x080015a0      0x188 cmake/stm32cubemx/CMakeFiles/STM32_Drivers.dir/__/__/Drivers/STM32F4xx_HAL_Driver/Src/stm32f4xx_hal_rcc.c.obj
                0x080015a0                HAL_RCC_GetSysClockFreq
 .text.HAL_RCC_GetHCLKFreq
                0x08001728       0x18 cmake/stm32cubemx/CMakeFiles/STM32_Drivers.dir/__/__/Drivers/STM32F4xx_HAL_Driver/Src/stm32f4xx_hal_rcc.c.obj
                0x08001728                HAL_RCC_GetHCLKFreq
 .text.HAL_RCC_GetPCLK1Freq
                0x08001740       0x28 cmake/stm32cubemx/CMakeFiles/STM32_Drivers.dir/__/__/Drivers/STM32F4xx_HAL_Driver/Src/stm32f4xx_hal_rcc.c.obj
                0x08001740                HAL_RCC_GetPCLK1Freq
 .text.HAL_RCC_GetPCLK2Freq
                0x08001768       0x28 cmake/stm32cubemx/CMakeFiles/STM32_Drivers.dir/__/__/Drivers/STM32F4xx_HAL_Driver/Src/stm32f4xx_hal_rcc.c.obj
                0x08001768                HAL_RCC_GetPCLK2Freq
 .text.HAL_GPIO_Init
                0x08001790      0x308 cmake/stm32cubemx/CMakeFiles/STM32_Drivers.dir/__/__/Drivers/STM32F4xx_HAL_Driver/Src/stm32f4xx_hal_gpio.c.obj
                0x08001790                HAL_GPIO_Init
 .text.HAL_GPIO_WritePin
                0x08001a98       0x32 cmake/stm32cubemx/CMakeFiles/STM32_Drivers.dir/__/__/Drivers/STM32F4xx_HAL_Driver/Src/stm32f4xx_hal_gpio.c.obj
                0x08001a98                HAL_GPIO_WritePin
 *fill*         0x08001aca        0x2 
 .text.__NVIC_SetPriorityGrouping
                0x08001acc       0x48 cmake/stm32cubemx/CMakeFiles/STM32_Drivers.dir/__/__/Drivers/STM32F4xx_HAL_Driver/Src/stm32f4xx_hal_cortex.c.obj
 .text.__NVIC_GetPriorityGrouping
                0x08001b14       0x1c cmake/stm32cubemx/CMakeFiles/STM32_Drivers.dir/__/__/Drivers/STM32F4xx_HAL_Driver/Src/stm32f4xx_hal_cortex.c.obj
 .text.__NVIC_SetPriority
                0x08001b30       0x54 cmake/stm32cubemx/CMakeFiles/STM32_Drivers.dir/__/__/Drivers/STM32F4xx_HAL_Driver/Src/stm32f4xx_hal_cortex.c.obj
 .text.NVIC_EncodePriority
                0x08001b84       0x66 cmake/stm32cubemx/CMakeFiles/STM32_Drivers.dir/__/__/Drivers/STM32F4xx_HAL_Driver/Src/stm32f4xx_hal_cortex.c.obj
 *fill*         0x08001bea        0x2 
 .text.SysTick_Config
                0x08001bec       0x44 cmake/stm32cubemx/CMakeFiles/STM32_Drivers.dir/__/__/Drivers/STM32F4xx_HAL_Driver/Src/stm32f4xx_hal_cortex.c.obj
 .text.HAL_NVIC_SetPriorityGrouping
                0x08001c30       0x16 cmake/stm32cubemx/CMakeFiles/STM32_Drivers.dir/__/__/Drivers/STM32F4xx_HAL_Driver/Src/stm32f4xx_hal_cortex.c.obj
                0x08001c30                HAL_NVIC_SetPriorityGrouping
 .text.HAL_NVIC_SetPriority
                0x08001c46       0x38 cmake/stm32cubemx/CMakeFiles/STM32_Drivers.dir/__/__/Drivers/STM32F4xx_HAL_Driver/Src/stm32f4xx_hal_cortex.c.obj
                0x08001c46                HAL_NVIC_SetPriority
 .text.HAL_SYSTICK_Config
                0x08001c7e       0x18 cmake/stm32cubemx/CMakeFiles/STM32_Drivers.dir/__/__/Drivers/STM32F4xx_HAL_Driver/Src/stm32f4xx_hal_cortex.c.obj
                0x08001c7e                HAL_SYSTICK_Config
 *fill*         0x08001c96        0x2 
 .text.HAL_Init
                0x08001c98       0x44 cmake/stm32cubemx/CMakeFiles/STM32_Drivers.dir/__/__/Drivers/STM32F4xx_HAL_Driver/Src/stm32f4xx_hal.c.obj
                0x08001c98                HAL_Init
 .text.HAL_InitTick
                0x08001cdc       0x60 cmake/stm32cubemx/CMakeFiles/STM32_Drivers.dir/__/__/Drivers/STM32F4xx_HAL_Driver/Src/stm32f4xx_hal.c.obj
                0x08001cdc                HAL_InitTick
 .text.HAL_IncTick
                0x08001d3c       0x28 cmake/stm32cubemx/CMakeFiles/STM32_Drivers.dir/__/__/Drivers/STM32F4xx_HAL_Driver/Src/stm32f4xx_hal.c.obj
                0x08001d3c                HAL_IncTick
 .text.HAL_GetTick
                0x08001d64       0x18 cmake/stm32cubemx/CMakeFiles/STM32_Drivers.dir/__/__/Drivers/STM32F4xx_HAL_Driver/Src/stm32f4xx_hal.c.obj
                0x08001d64                HAL_GetTick
 .text.HAL_Delay
                0x08001d7c       0x48 cmake/stm32cubemx/CMakeFiles/STM32_Drivers.dir/__/__/Drivers/STM32F4xx_HAL_Driver/Src/stm32f4xx_hal.c.obj
                0x08001d7c                HAL_Delay
 .text.HAL_SPI_Init
                0x08001dc4      0x112 cmake/stm32cubemx/CMakeFiles/STM32_Drivers.dir/__/__/Drivers/STM32F4xx_HAL_Driver/Src/stm32f4xx_hal_spi.c.obj
                0x08001dc4                HAL_SPI_Init
 .text.HAL_SPI_Transmit
                0x08001ed6      0x288 cmake/stm32cubemx/CMakeFiles/STM32_Drivers.dir/__/__/Drivers/STM32F4xx_HAL_Driver/Src/stm32f4xx_hal_spi.c.obj
                0x08001ed6                HAL_SPI_Transmit
 *fill*         0x0800215e        0x2 
 .text.SPI_WaitFlagStateUntilTimeout
                0x08002160      0x110 cmake/stm32cubemx/CMakeFiles/STM32_Drivers.dir/__/__/Drivers/STM32F4xx_HAL_Driver/Src/stm32f4xx_hal_spi.c.obj
 .text.SPI_EndRxTxTransaction
                0x08002270       0xa8 cmake/stm32cubemx/CMakeFiles/STM32_Drivers.dir/__/__/Drivers/STM32F4xx_HAL_Driver/Src/stm32f4xx_hal_spi.c.obj
 .text.HAL_TIM_Base_Init
                0x08002318       0x9e cmake/stm32cubemx/CMakeFiles/STM32_Drivers.dir/__/__/Drivers/STM32F4xx_HAL_Driver/Src/stm32f4xx_hal_tim.c.obj
                0x08002318                HAL_TIM_Base_Init
 .text.HAL_TIM_ConfigClockSource
                0x080023b6      0x18e cmake/stm32cubemx/CMakeFiles/STM32_Drivers.dir/__/__/Drivers/STM32F4xx_HAL_Driver/Src/stm32f4xx_hal_tim.c.obj
                0x080023b6                HAL_TIM_ConfigClockSource
 .text.TIM_Base_SetConfig
                0x08002544      0x10c cmake/stm32cubemx/CMakeFiles/STM32_Drivers.dir/__/__/Drivers/STM32F4xx_HAL_Driver/Src/stm32f4xx_hal_tim.c.obj
                0x08002544                TIM_Base_SetConfig
 .text.TIM_TI1_ConfigInputStage
                0x08002650       0x5e cmake/stm32cubemx/CMakeFiles/STM32_Drivers.dir/__/__/Drivers/STM32F4xx_HAL_Driver/Src/stm32f4xx_hal_tim.c.obj
 .text.TIM_TI2_ConfigInputStage
                0x080026ae       0x60 cmake/stm32cubemx/CMakeFiles/STM32_Drivers.dir/__/__/Drivers/STM32F4xx_HAL_Driver/Src/stm32f4xx_hal_tim.c.obj
 .text.TIM_ITRx_SetConfig
                0x0800270e       0x36 cmake/stm32cubemx/CMakeFiles/STM32_Drivers.dir/__/__/Drivers/STM32F4xx_HAL_Driver/Src/stm32f4xx_hal_tim.c.obj
 .text.TIM_ETR_SetConfig
                0x08002744       0x40 cmake/stm32cubemx/CMakeFiles/STM32_Drivers.dir/__/__/Drivers/STM32F4xx_HAL_Driver/Src/stm32f4xx_hal_tim.c.obj
                0x08002744                TIM_ETR_SetConfig
 .text.HAL_TIMEx_MasterConfigSynchronization
                0x08002784       0xdc cmake/stm32cubemx/CMakeFiles/STM32_Drivers.dir/__/__/Drivers/STM32F4xx_HAL_Driver/Src/stm32f4xx_hal_tim_ex.c.obj
                0x08002784                HAL_TIMEx_MasterConfigSynchronization
 .text.HAL_UART_Init
                0x08002860       0xa0 cmake/stm32cubemx/CMakeFiles/STM32_Drivers.dir/__/__/Drivers/STM32F4xx_HAL_Driver/Src/stm32f4xx_hal_uart.c.obj
                0x08002860                HAL_UART_Init
 .text.HAL_UART_Transmit
                0x08002900      0x116 cmake/stm32cubemx/CMakeFiles/STM32_Drivers.dir/__/__/Drivers/STM32F4xx_HAL_Driver/Src/stm32f4xx_hal_uart.c.obj
                0x08002900                HAL_UART_Transmit
 .text.HAL_UART_Receive_IT
                0x08002a16       0x4a cmake/stm32cubemx/CMakeFiles/STM32_Drivers.dir/__/__/Drivers/STM32F4xx_HAL_Driver/Src/stm32f4xx_hal_uart.c.obj
                0x08002a16                HAL_UART_Receive_IT
 .text.UART_WaitOnFlagUntilTimeout
                0x08002a60       0xb2 cmake/stm32cubemx/CMakeFiles/STM32_Drivers.dir/__/__/Drivers/STM32F4xx_HAL_Driver/Src/stm32f4xx_hal_uart.c.obj
 .text.UART_Start_Receive_IT
                0x08002b12       0x74 cmake/stm32cubemx/CMakeFiles/STM32_Drivers.dir/__/__/Drivers/STM32F4xx_HAL_Driver/Src/stm32f4xx_hal_uart.c.obj
                0x08002b12                UART_Start_Receive_IT
 .text.UART_EndRxTransfer
                0x08002b86       0xc6 cmake/stm32cubemx/CMakeFiles/STM32_Drivers.dir/__/__/Drivers/STM32F4xx_HAL_Driver/Src/stm32f4xx_hal_uart.c.obj
 .text.UART_SetConfig
                0x08002c4c      0x4e8 cmake/stm32cubemx/CMakeFiles/STM32_Drivers.dir/__/__/Drivers/STM32F4xx_HAL_Driver/Src/stm32f4xx_hal_uart.c.obj
 .text._ZN6DEVICE12Set_PinStateEP12GPIO_TypeDeftNS_8PINSTATEE
                0x08003134       0x34 CMakeFiles/Tlaloc.dir/Hardware.i4N/ST7306.cpp.obj
                0x08003134                DEVICE::Set_PinState(GPIO_TypeDef*, unsigned short, DEVICE::PINSTATE)
 .text._ZN6DEVICE12SPI_SendCoreEPhNS_12SPI_DataTypeEtNS_12SPI_PolarityENS_8SPI_ModeE
                0x08003168       0xe8 CMakeFiles/Tlaloc.dir/Hardware.i4N/ST7306.cpp.obj
                0x08003168                DEVICE::SPI_SendCore(unsigned char*, DEVICE::SPI_DataType, unsigned short, DEVICE::SPI_Polarity, DEVICE::SPI_Mode)
 .text._ZN6DEVICE8SPI_SendEhNS_12SPI_DataTypeENS_12SPI_PolarityENS_8SPI_ModeE
                0x08003250       0x38 CMakeFiles/Tlaloc.dir/Hardware.i4N/ST7306.cpp.obj
                0x08003250                DEVICE::SPI_Send(unsigned char, DEVICE::SPI_DataType, DEVICE::SPI_Polarity, DEVICE::SPI_Mode)
 .text._ZN6DEVICE8Delay_msEm
                0x08003288       0x1a CMakeFiles/Tlaloc.dir/Hardware.i4N/ST7306.cpp.obj
                0x08003288                DEVICE::Delay_ms(unsigned long)
 .text._ZN6ST730617Init_SetFrameRateEv
                0x080032a2       0x60 CMakeFiles/Tlaloc.dir/Hardware.i4N/ST7306.cpp.obj
                0x080032a2                ST7306::Init_SetFrameRate()
 .text._ZN6ST730619Init_SetPixelAndRGBENS_10COLORDEPTHENS_9DUMMYBYTEENS_9GRAYSCALEENS_9INVERSIONENS_8INTERVALENS_9INTERLACEE
                0x08003302       0xba CMakeFiles/Tlaloc.dir/Hardware.i4N/ST7306.cpp.obj
                0x08003302                ST7306::Init_SetPixelAndRGB(ST7306::COLORDEPTH, ST7306::DUMMYBYTE, ST7306::GRAYSCALE, ST7306::INVERSION, ST7306::INTERVAL, ST7306::INTERLACE)
 .text._ZN6ST730613Init_SequenceEv
                0x080033bc      0x48c CMakeFiles/Tlaloc.dir/Hardware.i4N/ST7306.cpp.obj
                0x080033bc                ST7306::Init_Sequence()
 .text._ZN6ST730610Draw_PixelEttNS_5COLORE
                0x08003848       0xf4 CMakeFiles/Tlaloc.dir/Hardware.i4N/ST7306.cpp.obj
                0x08003848                ST7306::Draw_Pixel(unsigned short, unsigned short, ST7306::COLOR)
 .text._ZN6ST730616Clear_FullScreenEv
                0x0800393c       0x2a CMakeFiles/Tlaloc.dir/Hardware.i4N/ST7306.cpp.obj
                0x0800393c                ST7306::Clear_FullScreen()
 .text._ZN6ST730617Update_FullScreenEv
                0x08003966       0x9c CMakeFiles/Tlaloc.dir/Hardware.i4N/ST7306.cpp.obj
                0x08003966                ST7306::Update_FullScreen()
 .text._ZN6DEVICE11Debug_PrintIJhthEEENS_17DEVICE_StatusTypeEPKcDpT_
                0x08003a02       0x7c CMakeFiles/Tlaloc.dir/Hardware.i4N/ST7306.cpp.obj
                0x08003a02                DEVICE::DEVICE_StatusType DEVICE::Debug_Print<unsigned char, unsigned short, unsigned char>(char const*, unsigned char, unsigned short, unsigned char)
 .text._ZN6DEVICE11Debug_PrintIJhEEENS_17DEVICE_StatusTypeEPKcDpT_
                0x08003a7e       0x68 CMakeFiles/Tlaloc.dir/Hardware.i4N/ST7306.cpp.obj
                0x08003a7e                DEVICE::DEVICE_StatusType DEVICE::Debug_Print<unsigned char>(char const*, unsigned char)
 *fill*         0x08003ae6        0x2 
 .text._Z13UART_App_Initv
                0x08003ae8       0x2c CMakeFiles/Tlaloc.dir/Hardware.i4N/uart_app.cpp.obj
                0x08003ae8                UART_App_Init()
 .text._ZN6DEVICEC2EP17I2C_HandleTypeDefP19__SPI_HandleTypeDefP20__UART_HandleTypeDefS5_
                0x08003b14       0x70 CMakeFiles/Tlaloc.dir/System.i4N/cppmain.cpp.obj
                0x08003b14                DEVICE::DEVICE(I2C_HandleTypeDef*, __SPI_HandleTypeDef*, __UART_HandleTypeDef*, __UART_HandleTypeDef*)
                0x08003b14                DEVICE::DEVICE(I2C_HandleTypeDef*, __SPI_HandleTypeDef*, __UART_HandleTypeDef*, __UART_HandleTypeDef*)
 .text._ZN6DEVICE15Get_HandlerInfoEv
                0x08003b84       0xe8 CMakeFiles/Tlaloc.dir/System.i4N/cppmain.cpp.obj
                0x08003b84                DEVICE::Get_HandlerInfo()
 .text._ZN6DEVICE12Set_SPI_GPIOEtttP12GPIO_TypeDef
                0x08003c6c       0x48 CMakeFiles/Tlaloc.dir/System.i4N/cppmain.cpp.obj
                0x08003c6c                DEVICE::Set_SPI_GPIO(unsigned short, unsigned short, unsigned short, GPIO_TypeDef*)
 .text._ZN6ST7306C2EP17I2C_HandleTypeDefP19__SPI_HandleTypeDefP20__UART_HandleTypeDefS5_
                0x08003cb4       0x2e CMakeFiles/Tlaloc.dir/System.i4N/cppmain.cpp.obj
                0x08003cb4                ST7306::ST7306(I2C_HandleTypeDef*, __SPI_HandleTypeDef*, __UART_HandleTypeDef*, __UART_HandleTypeDef*)
                0x08003cb4                ST7306::ST7306(I2C_HandleTypeDef*, __SPI_HandleTypeDef*, __UART_HandleTypeDef*, __UART_HandleTypeDef*)
 *fill*         0x08003ce2        0x2 
 .text.cppmain  0x08003ce4      0x1f8 CMakeFiles/Tlaloc.dir/System.i4N/cppmain.cpp.obj
                0x08003ce4                cppmain
 .text.main     0x08003edc       0x28 CMakeFiles/Tlaloc.dir/Core/Src/main.c.obj
                0x08003edc                main
 .text.SystemClock_Config
                0x08003f04       0xd0 CMakeFiles/Tlaloc.dir/Core/Src/main.c.obj
                0x08003f04                SystemClock_Config
 .text.Error_Handler
                0x08003fd4        0xc CMakeFiles/Tlaloc.dir/Core/Src/main.c.obj
                0x08003fd4                Error_Handler
 .text.MX_GPIO_Init
                0x08003fe0       0xec CMakeFiles/Tlaloc.dir/Core/Src/gpio.c.obj
                0x08003fe0                MX_GPIO_Init
 .text.MX_I2C1_Init
                0x080040cc       0x5c CMakeFiles/Tlaloc.dir/Core/Src/i2c.c.obj
                0x080040cc                MX_I2C1_Init
 .text.HAL_I2C_MspInit
                0x08004128       0x90 CMakeFiles/Tlaloc.dir/Core/Src/i2c.c.obj
                0x08004128                HAL_I2C_MspInit
 .text.MX_SPI1_Init
                0x080041b8       0x6c CMakeFiles/Tlaloc.dir/Core/Src/spi.c.obj
                0x080041b8                MX_SPI1_Init
 .text.HAL_SPI_MspInit
                0x08004224       0x90 CMakeFiles/Tlaloc.dir/Core/Src/spi.c.obj
                0x08004224                HAL_SPI_MspInit
 .text.MX_TIM3_Init
                0x080042b4       0x9c CMakeFiles/Tlaloc.dir/Core/Src/tim.c.obj
                0x080042b4                MX_TIM3_Init
 .text.HAL_TIM_Base_MspInit
                0x08004350       0x44 CMakeFiles/Tlaloc.dir/Core/Src/tim.c.obj
                0x08004350                HAL_TIM_Base_MspInit
 .text.MX_USART1_UART_Init
                0x08004394       0x54 CMakeFiles/Tlaloc.dir/Core/Src/usart.c.obj
                0x08004394                MX_USART1_UART_Init
 .text.HAL_UART_MspInit
                0x080043e8       0x90 CMakeFiles/Tlaloc.dir/Core/Src/usart.c.obj
                0x080043e8                HAL_UART_MspInit
 .text.NMI_Handler
                0x08004478        0x8 CMakeFiles/Tlaloc.dir/Core/Src/stm32f4xx_it.c.obj
                0x08004478                NMI_Handler
 .text.HardFault_Handler
                0x08004480        0x8 CMakeFiles/Tlaloc.dir/Core/Src/stm32f4xx_it.c.obj
                0x08004480                HardFault_Handler
 .text.MemManage_Handler
                0x08004488        0x8 CMakeFiles/Tlaloc.dir/Core/Src/stm32f4xx_it.c.obj
                0x08004488                MemManage_Handler
 .text.BusFault_Handler
                0x08004490        0x8 CMakeFiles/Tlaloc.dir/Core/Src/stm32f4xx_it.c.obj
                0x08004490                BusFault_Handler
 .text.UsageFault_Handler
                0x08004498        0x8 CMakeFiles/Tlaloc.dir/Core/Src/stm32f4xx_it.c.obj
                0x08004498                UsageFault_Handler
 .text.SVC_Handler
                0x080044a0        0xe CMakeFiles/Tlaloc.dir/Core/Src/stm32f4xx_it.c.obj
                0x080044a0                SVC_Handler
 .text.DebugMon_Handler
                0x080044ae        0xe CMakeFiles/Tlaloc.dir/Core/Src/stm32f4xx_it.c.obj
                0x080044ae                DebugMon_Handler
 .text.PendSV_Handler
                0x080044bc        0xe CMakeFiles/Tlaloc.dir/Core/Src/stm32f4xx_it.c.obj
                0x080044bc                PendSV_Handler
 .text.SysTick_Handler
                0x080044ca        0xc CMakeFiles/Tlaloc.dir/Core/Src/stm32f4xx_it.c.obj
                0x080044ca                SysTick_Handler
 *fill*         0x080044d6        0x2 
 .text.HAL_MspInit
                0x080044d8       0x50 CMakeFiles/Tlaloc.dir/Core/Src/stm32f4xx_hal_msp.c.obj
                0x080044d8                HAL_MspInit
 .text._sbrk    0x08004528       0x6c CMakeFiles/Tlaloc.dir/Core/Src/sysmem.c.obj
                0x08004528                _sbrk
 .text._getpid  0x08004594       0x10 CMakeFiles/Tlaloc.dir/Core/Src/syscalls.c.obj
                0x08004594                _getpid
 .text._kill    0x080045a4       0x20 CMakeFiles/Tlaloc.dir/Core/Src/syscalls.c.obj
                0x080045a4                _kill
 .text._exit    0x080045c4       0x16 CMakeFiles/Tlaloc.dir/Core/Src/syscalls.c.obj
                0x080045c4                _exit
 .text._read    0x080045da       0x3a CMakeFiles/Tlaloc.dir/Core/Src/syscalls.c.obj
                0x080045da                _read
 .text._write   0x08004614       0x38 CMakeFiles/Tlaloc.dir/Core/Src/syscalls.c.obj
                0x08004614                _write
 .text._close   0x0800464c       0x18 CMakeFiles/Tlaloc.dir/Core/Src/syscalls.c.obj
                0x0800464c                _close
 .text._fstat   0x08004664       0x20 CMakeFiles/Tlaloc.dir/Core/Src/syscalls.c.obj
                0x08004664                _fstat
 .text._isatty  0x08004684       0x16 CMakeFiles/Tlaloc.dir/Core/Src/syscalls.c.obj
                0x08004684                _isatty
 .text._lseek   0x0800469a       0x1a CMakeFiles/Tlaloc.dir/Core/Src/syscalls.c.obj
                0x0800469a                _lseek
 .text.Reset_Handler
                0x080046b4       0x50 CMakeFiles/Tlaloc.dir/startup_stm32f411xe.s.obj
                0x080046b4                Reset_Handler
 .text.Default_Handler
                0x08004704        0x2 CMakeFiles/Tlaloc.dir/startup_stm32f411xe.s.obj
                0x08004704                RTC_Alarm_IRQHandler
                0x08004704                EXTI2_IRQHandler
                0x08004704                SPI4_IRQHandler
                0x08004704                TIM1_CC_IRQHandler
                0x08004704                DMA2_Stream5_IRQHandler
                0x08004704                DMA1_Stream5_IRQHandler
                0x08004704                PVD_IRQHandler
                0x08004704                SDIO_IRQHandler
                0x08004704                TAMP_STAMP_IRQHandler
                0x08004704                EXTI3_IRQHandler
                0x08004704                TIM1_UP_TIM10_IRQHandler
                0x08004704                I2C3_ER_IRQHandler
                0x08004704                EXTI0_IRQHandler
                0x08004704                I2C2_EV_IRQHandler
                0x08004704                DMA1_Stream2_IRQHandler
                0x08004704                FPU_IRQHandler
                0x08004704                DMA2_Stream2_IRQHandler
                0x08004704                SPI1_IRQHandler
                0x08004704                TIM1_BRK_TIM9_IRQHandler
                0x08004704                DMA2_Stream3_IRQHandler
                0x08004704                USART6_IRQHandler
                0x08004704                DMA2_Stream0_IRQHandler
                0x08004704                TIM4_IRQHandler
                0x08004704                I2C1_EV_IRQHandler
                0x08004704                DMA1_Stream6_IRQHandler
                0x08004704                DMA1_Stream1_IRQHandler
                0x08004704                TIM3_IRQHandler
                0x08004704                RCC_IRQHandler
                0x08004704                Default_Handler
                0x08004704                EXTI15_10_IRQHandler
                0x08004704                ADC_IRQHandler
                0x08004704                DMA1_Stream7_IRQHandler
                0x08004704                SPI5_IRQHandler
                0x08004704                TIM5_IRQHandler
                0x08004704                DMA2_Stream7_IRQHandler
                0x08004704                I2C3_EV_IRQHandler
                0x08004704                EXTI9_5_IRQHandler
                0x08004704                RTC_WKUP_IRQHandler
                0x08004704                SPI2_IRQHandler
                0x08004704                DMA1_Stream0_IRQHandler
                0x08004704                EXTI4_IRQHandler
                0x08004704                WWDG_IRQHandler
                0x08004704                TIM2_IRQHandler
                0x08004704                OTG_FS_WKUP_IRQHandler
                0x08004704                TIM1_TRG_COM_TIM11_IRQHandler
                0x08004704                EXTI1_IRQHandler
                0x08004704                USART2_IRQHandler
                0x08004704                I2C2_ER_IRQHandler
                0x08004704                DMA2_Stream1_IRQHandler
                0x08004704                FLASH_IRQHandler
                0x08004704                DMA2_Stream4_IRQHandler
                0x08004704                USART1_IRQHandler
                0x08004704                OTG_FS_IRQHandler
                0x08004704                SPI3_IRQHandler
                0x08004704                DMA1_Stream4_IRQHandler
                0x08004704                I2C1_ER_IRQHandler
                0x08004704                DMA2_Stream6_IRQHandler
                0x08004704                DMA1_Stream3_IRQHandler
 .text.__cvt    0x08004706       0xca D:/Tools.i4N/Arm-None-Eabi-Gcc/arm-gnu-toolchain-14.3.rel1-mingw-w64-x86_64-arm-none-eabi/bin/../lib/gcc/arm-none-eabi/14.3.1/../../../../arm-none-eabi/lib/thumb/v7e-m+fp/hard\libc_nano.a(libc_a-nano-vfprintf_float.o)
                0x08004706                __cvt
 .text.__exponent
                0x080047d0       0x74 D:/Tools.i4N/Arm-None-Eabi-Gcc/arm-gnu-toolchain-14.3.rel1-mingw-w64-x86_64-arm-none-eabi/bin/../lib/gcc/arm-none-eabi/14.3.1/../../../../arm-none-eabi/lib/thumb/v7e-m+fp/hard\libc_nano.a(libc_a-nano-vfprintf_float.o)
                0x080047d0                __exponent
 .text._printf_float
                0x08004844      0x450 D:/Tools.i4N/Arm-None-Eabi-Gcc/arm-gnu-toolchain-14.3.rel1-mingw-w64-x86_64-arm-none-eabi/bin/../lib/gcc/arm-none-eabi/14.3.1/../../../../arm-none-eabi/lib/thumb/v7e-m+fp/hard\libc_nano.a(libc_a-nano-vfprintf_float.o)
                0x08004844                _printf_float
 .text._printf_common
                0x08004c94       0xda D:/Tools.i4N/Arm-None-Eabi-Gcc/arm-gnu-toolchain-14.3.rel1-mingw-w64-x86_64-arm-none-eabi/bin/../lib/gcc/arm-none-eabi/14.3.1/../../../../arm-none-eabi/lib/thumb/v7e-m+fp/hard\libc_nano.a(libc_a-nano-vfprintf_i.o)
                0x08004c94                _printf_common
 *fill*         0x08004d6e        0x2 
 .text._printf_i
                0x08004d70      0x24c D:/Tools.i4N/Arm-None-Eabi-Gcc/arm-gnu-toolchain-14.3.rel1-mingw-w64-x86_64-arm-none-eabi/bin/../lib/gcc/arm-none-eabi/14.3.1/../../../../arm-none-eabi/lib/thumb/v7e-m+fp/hard\libc_nano.a(libc_a-nano-vfprintf_i.o)
                0x08004d70                _printf_i
 .text.std      0x08004fbc       0x6c D:/Tools.i4N/Arm-None-Eabi-Gcc/arm-gnu-toolchain-14.3.rel1-mingw-w64-x86_64-arm-none-eabi/bin/../lib/gcc/arm-none-eabi/14.3.1/../../../../arm-none-eabi/lib/thumb/v7e-m+fp/hard\libc_nano.a(libc_a-findfp.o)
 .text.stdio_exit_handler
                0x08005028       0x18 D:/Tools.i4N/Arm-None-Eabi-Gcc/arm-gnu-toolchain-14.3.rel1-mingw-w64-x86_64-arm-none-eabi/bin/../lib/gcc/arm-none-eabi/14.3.1/../../../../arm-none-eabi/lib/thumb/v7e-m+fp/hard\libc_nano.a(libc_a-findfp.o)
 .text.cleanup_stdio
                0x08005040       0x40 D:/Tools.i4N/Arm-None-Eabi-Gcc/arm-gnu-toolchain-14.3.rel1-mingw-w64-x86_64-arm-none-eabi/bin/../lib/gcc/arm-none-eabi/14.3.1/../../../../arm-none-eabi/lib/thumb/v7e-m+fp/hard\libc_nano.a(libc_a-findfp.o)
 .text.global_stdio_init.part.0
                0x08005080       0x40 D:/Tools.i4N/Arm-None-Eabi-Gcc/arm-gnu-toolchain-14.3.rel1-mingw-w64-x86_64-arm-none-eabi/bin/../lib/gcc/arm-none-eabi/14.3.1/../../../../arm-none-eabi/lib/thumb/v7e-m+fp/hard\libc_nano.a(libc_a-findfp.o)
 .text.__sfp_lock_acquire
                0x080050c0        0xc D:/Tools.i4N/Arm-None-Eabi-Gcc/arm-gnu-toolchain-14.3.rel1-mingw-w64-x86_64-arm-none-eabi/bin/../lib/gcc/arm-none-eabi/14.3.1/../../../../arm-none-eabi/lib/thumb/v7e-m+fp/hard\libc_nano.a(libc_a-findfp.o)
                0x080050c0                __sfp_lock_acquire
 .text.__sfp_lock_release
                0x080050cc        0xc D:/Tools.i4N/Arm-None-Eabi-Gcc/arm-gnu-toolchain-14.3.rel1-mingw-w64-x86_64-arm-none-eabi/bin/../lib/gcc/arm-none-eabi/14.3.1/../../../../arm-none-eabi/lib/thumb/v7e-m+fp/hard\libc_nano.a(libc_a-findfp.o)
                0x080050cc                __sfp_lock_release
 .text.__sinit  0x080050d8       0x30 D:/Tools.i4N/Arm-None-Eabi-Gcc/arm-gnu-toolchain-14.3.rel1-mingw-w64-x86_64-arm-none-eabi/bin/../lib/gcc/arm-none-eabi/14.3.1/../../../../arm-none-eabi/lib/thumb/v7e-m+fp/hard\libc_nano.a(libc_a-findfp.o)
                0x080050d8                __sinit
 .text._fwalk_sglue
                0x08005108       0x3c D:/Tools.i4N/Arm-None-Eabi-Gcc/arm-gnu-toolchain-14.3.rel1-mingw-w64-x86_64-arm-none-eabi/bin/../lib/gcc/arm-none-eabi/14.3.1/../../../../arm-none-eabi/lib/thumb/v7e-m+fp/hard\libc_nano.a(libc_a-fwalk.o)
                0x08005108                _fwalk_sglue
 .text.snprintf
                0x08005144       0x6c D:/Tools.i4N/Arm-None-Eabi-Gcc/arm-gnu-toolchain-14.3.rel1-mingw-w64-x86_64-arm-none-eabi/bin/../lib/gcc/arm-none-eabi/14.3.1/../../../../arm-none-eabi/lib/thumb/v7e-m+fp/hard\libc_nano.a(libc_a-snprintf.o)
                0x08005144                sniprintf
                0x08005144                snprintf
 .text.__sread  0x080051b0       0x22 D:/Tools.i4N/Arm-None-Eabi-Gcc/arm-gnu-toolchain-14.3.rel1-mingw-w64-x86_64-arm-none-eabi/bin/../lib/gcc/arm-none-eabi/14.3.1/../../../../arm-none-eabi/lib/thumb/v7e-m+fp/hard\libc_nano.a(libc_a-stdio.o)
                0x080051b0                __sread
 .text.__swrite
                0x080051d2       0x38 D:/Tools.i4N/Arm-None-Eabi-Gcc/arm-gnu-toolchain-14.3.rel1-mingw-w64-x86_64-arm-none-eabi/bin/../lib/gcc/arm-none-eabi/14.3.1/../../../../arm-none-eabi/lib/thumb/v7e-m+fp/hard\libc_nano.a(libc_a-stdio.o)
                0x080051d2                __swrite
 .text.__sseek  0x0800520a       0x26 D:/Tools.i4N/Arm-None-Eabi-Gcc/arm-gnu-toolchain-14.3.rel1-mingw-w64-x86_64-arm-none-eabi/bin/../lib/gcc/arm-none-eabi/14.3.1/../../../../arm-none-eabi/lib/thumb/v7e-m+fp/hard\libc_nano.a(libc_a-stdio.o)
                0x0800520a                __sseek
 .text.__sclose
                0x08005230        0x8 D:/Tools.i4N/Arm-None-Eabi-Gcc/arm-gnu-toolchain-14.3.rel1-mingw-w64-x86_64-arm-none-eabi/bin/../lib/gcc/arm-none-eabi/14.3.1/../../../../arm-none-eabi/lib/thumb/v7e-m+fp/hard\libc_nano.a(libc_a-stdio.o)
                0x08005230                __sclose
 .text.memset   0x08005238       0x10 D:/Tools.i4N/Arm-None-Eabi-Gcc/arm-gnu-toolchain-14.3.rel1-mingw-w64-x86_64-arm-none-eabi/bin/../lib/gcc/arm-none-eabi/14.3.1/../../../../arm-none-eabi/lib/thumb/v7e-m+fp/hard\libc_nano.a(libc_a-memset.o)
                0x08005238                memset
 .text._localeconv_r
                0x08005248        0x8 D:/Tools.i4N/Arm-None-Eabi-Gcc/arm-gnu-toolchain-14.3.rel1-mingw-w64-x86_64-arm-none-eabi/bin/../lib/gcc/arm-none-eabi/14.3.1/../../../../arm-none-eabi/lib/thumb/v7e-m+fp/hard\libc_nano.a(libc_a-localeconv.o)
                0x08005248                _localeconv_r
 .text._close_r
                0x08005250       0x20 D:/Tools.i4N/Arm-None-Eabi-Gcc/arm-gnu-toolchain-14.3.rel1-mingw-w64-x86_64-arm-none-eabi/bin/../lib/gcc/arm-none-eabi/14.3.1/../../../../arm-none-eabi/lib/thumb/v7e-m+fp/hard\libc_nano.a(libc_a-closer.o)
                0x08005250                _close_r
 .text._lseek_r
                0x08005270       0x24 D:/Tools.i4N/Arm-None-Eabi-Gcc/arm-gnu-toolchain-14.3.rel1-mingw-w64-x86_64-arm-none-eabi/bin/../lib/gcc/arm-none-eabi/14.3.1/../../../../arm-none-eabi/lib/thumb/v7e-m+fp/hard\libc_nano.a(libc_a-lseekr.o)
                0x08005270                _lseek_r
 .text._read_r  0x08005294       0x24 D:/Tools.i4N/Arm-None-Eabi-Gcc/arm-gnu-toolchain-14.3.rel1-mingw-w64-x86_64-arm-none-eabi/bin/../lib/gcc/arm-none-eabi/14.3.1/../../../../arm-none-eabi/lib/thumb/v7e-m+fp/hard\libc_nano.a(libc_a-readr.o)
                0x08005294                _read_r
 .text._write_r
                0x080052b8       0x24 D:/Tools.i4N/Arm-None-Eabi-Gcc/arm-gnu-toolchain-14.3.rel1-mingw-w64-x86_64-arm-none-eabi/bin/../lib/gcc/arm-none-eabi/14.3.1/../../../../arm-none-eabi/lib/thumb/v7e-m+fp/hard\libc_nano.a(libc_a-writer.o)
                0x080052b8                _write_r
 .text.__errno  0x080052dc        0xc D:/Tools.i4N/Arm-None-Eabi-Gcc/arm-gnu-toolchain-14.3.rel1-mingw-w64-x86_64-arm-none-eabi/bin/../lib/gcc/arm-none-eabi/14.3.1/../../../../arm-none-eabi/lib/thumb/v7e-m+fp/hard\libc_nano.a(libc_a-errno.o)
                0x080052dc                __errno
 .text.__libc_init_array
                0x080052e8       0x48 D:/Tools.i4N/Arm-None-Eabi-Gcc/arm-gnu-toolchain-14.3.rel1-mingw-w64-x86_64-arm-none-eabi/bin/../lib/gcc/arm-none-eabi/14.3.1/../../../../arm-none-eabi/lib/thumb/v7e-m+fp/hard\libc_nano.a(libc_a-init.o)
                0x080052e8                __libc_init_array
 .text.__retarget_lock_init_recursive
                0x08005330        0x2 D:/Tools.i4N/Arm-None-Eabi-Gcc/arm-gnu-toolchain-14.3.rel1-mingw-w64-x86_64-arm-none-eabi/bin/../lib/gcc/arm-none-eabi/14.3.1/../../../../arm-none-eabi/lib/thumb/v7e-m+fp/hard\libc_nano.a(libc_a-lock.o)
                0x08005330                __retarget_lock_init_recursive
 .text.__retarget_lock_acquire_recursive
                0x08005332        0x2 D:/Tools.i4N/Arm-None-Eabi-Gcc/arm-gnu-toolchain-14.3.rel1-mingw-w64-x86_64-arm-none-eabi/bin/../lib/gcc/arm-none-eabi/14.3.1/../../../../arm-none-eabi/lib/thumb/v7e-m+fp/hard\libc_nano.a(libc_a-lock.o)
                0x08005332                __retarget_lock_acquire_recursive
 .text.__retarget_lock_release_recursive
                0x08005334        0x2 D:/Tools.i4N/Arm-None-Eabi-Gcc/arm-gnu-toolchain-14.3.rel1-mingw-w64-x86_64-arm-none-eabi/bin/../lib/gcc/arm-none-eabi/14.3.1/../../../../arm-none-eabi/lib/thumb/v7e-m+fp/hard\libc_nano.a(libc_a-lock.o)
                0x08005334                __retarget_lock_release_recursive
 .text.quorem   0x08005336      0x110 D:/Tools.i4N/Arm-None-Eabi-Gcc/arm-gnu-toolchain-14.3.rel1-mingw-w64-x86_64-arm-none-eabi/bin/../lib/gcc/arm-none-eabi/14.3.1/../../../../arm-none-eabi/lib/thumb/v7e-m+fp/hard\libc_nano.a(libc_a-dtoa.o)
 *fill*         0x08005446        0x2 
 .text._dtoa_r  0x08005448      0xbb8 D:/Tools.i4N/Arm-None-Eabi-Gcc/arm-gnu-toolchain-14.3.rel1-mingw-w64-x86_64-arm-none-eabi/bin/../lib/gcc/arm-none-eabi/14.3.1/../../../../arm-none-eabi/lib/thumb/v7e-m+fp/hard\libc_nano.a(libc_a-dtoa.o)
                0x08005448                _dtoa_r
 .text._free_r  0x08006000       0x94 D:/Tools.i4N/Arm-None-Eabi-Gcc/arm-gnu-toolchain-14.3.rel1-mingw-w64-x86_64-arm-none-eabi/bin/../lib/gcc/arm-none-eabi/14.3.1/../../../../arm-none-eabi/lib/thumb/v7e-m+fp/hard\libc_nano.a(libc_a-freer.o)
                0x08006000                _free_r
 .text.malloc   0x08006094       0x10 D:/Tools.i4N/Arm-None-Eabi-Gcc/arm-gnu-toolchain-14.3.rel1-mingw-w64-x86_64-arm-none-eabi/bin/../lib/gcc/arm-none-eabi/14.3.1/../../../../arm-none-eabi/lib/thumb/v7e-m+fp/hard\libc_nano.a(libc_a-malloc.o)
                0x08006094                malloc
 .text.sbrk_aligned
                0x080060a4       0x44 D:/Tools.i4N/Arm-None-Eabi-Gcc/arm-gnu-toolchain-14.3.rel1-mingw-w64-x86_64-arm-none-eabi/bin/../lib/gcc/arm-none-eabi/14.3.1/../../../../arm-none-eabi/lib/thumb/v7e-m+fp/hard\libc_nano.a(libc_a-mallocr.o)
 .text._malloc_r
                0x080060e8      0x100 D:/Tools.i4N/Arm-None-Eabi-Gcc/arm-gnu-toolchain-14.3.rel1-mingw-w64-x86_64-arm-none-eabi/bin/../lib/gcc/arm-none-eabi/14.3.1/../../../../arm-none-eabi/lib/thumb/v7e-m+fp/hard\libc_nano.a(libc_a-mallocr.o)
                0x080060e8                _malloc_r
 .text.__malloc_lock
                0x080061e8        0xc D:/Tools.i4N/Arm-None-Eabi-Gcc/arm-gnu-toolchain-14.3.rel1-mingw-w64-x86_64-arm-none-eabi/bin/../lib/gcc/arm-none-eabi/14.3.1/../../../../arm-none-eabi/lib/thumb/v7e-m+fp/hard\libc_nano.a(libc_a-mlock.o)
                0x080061e8                __malloc_lock
 .text.__malloc_unlock
                0x080061f4        0xc D:/Tools.i4N/Arm-None-Eabi-Gcc/arm-gnu-toolchain-14.3.rel1-mingw-w64-x86_64-arm-none-eabi/bin/../lib/gcc/arm-none-eabi/14.3.1/../../../../arm-none-eabi/lib/thumb/v7e-m+fp/hard\libc_nano.a(libc_a-mlock.o)
                0x080061f4                __malloc_unlock
 .text._Balloc  0x08006200       0x7c D:/Tools.i4N/Arm-None-Eabi-Gcc/arm-gnu-toolchain-14.3.rel1-mingw-w64-x86_64-arm-none-eabi/bin/../lib/gcc/arm-none-eabi/14.3.1/../../../../arm-none-eabi/lib/thumb/v7e-m+fp/hard\libc_nano.a(libc_a-mprec.o)
                0x08006200                _Balloc
 .text._Bfree   0x0800627c       0x44 D:/Tools.i4N/Arm-None-Eabi-Gcc/arm-gnu-toolchain-14.3.rel1-mingw-w64-x86_64-arm-none-eabi/bin/../lib/gcc/arm-none-eabi/14.3.1/../../../../arm-none-eabi/lib/thumb/v7e-m+fp/hard\libc_nano.a(libc_a-mprec.o)
                0x0800627c                _Bfree
 .text.__multadd
                0x080062c0       0x8c D:/Tools.i4N/Arm-None-Eabi-Gcc/arm-gnu-toolchain-14.3.rel1-mingw-w64-x86_64-arm-none-eabi/bin/../lib/gcc/arm-none-eabi/14.3.1/../../../../arm-none-eabi/lib/thumb/v7e-m+fp/hard\libc_nano.a(libc_a-mprec.o)
                0x080062c0                __multadd
 .text.__hi0bits
                0x0800634c       0x3e D:/Tools.i4N/Arm-None-Eabi-Gcc/arm-gnu-toolchain-14.3.rel1-mingw-w64-x86_64-arm-none-eabi/bin/../lib/gcc/arm-none-eabi/14.3.1/../../../../arm-none-eabi/lib/thumb/v7e-m+fp/hard\libc_nano.a(libc_a-mprec.o)
                0x0800634c                __hi0bits
 .text.__lo0bits
                0x0800638a       0x5a D:/Tools.i4N/Arm-None-Eabi-Gcc/arm-gnu-toolchain-14.3.rel1-mingw-w64-x86_64-arm-none-eabi/bin/../lib/gcc/arm-none-eabi/14.3.1/../../../../arm-none-eabi/lib/thumb/v7e-m+fp/hard\libc_nano.a(libc_a-mprec.o)
                0x0800638a                __lo0bits
 .text.__i2b    0x080063e4       0x2c D:/Tools.i4N/Arm-None-Eabi-Gcc/arm-gnu-toolchain-14.3.rel1-mingw-w64-x86_64-arm-none-eabi/bin/../lib/gcc/arm-none-eabi/14.3.1/../../../../arm-none-eabi/lib/thumb/v7e-m+fp/hard\libc_nano.a(libc_a-mprec.o)
                0x080063e4                __i2b
 .text.__multiply
                0x08006410      0x154 D:/Tools.i4N/Arm-None-Eabi-Gcc/arm-gnu-toolchain-14.3.rel1-mingw-w64-x86_64-arm-none-eabi/bin/../lib/gcc/arm-none-eabi/14.3.1/../../../../arm-none-eabi/lib/thumb/v7e-m+fp/hard\libc_nano.a(libc_a-mprec.o)
                0x08006410                __multiply
 .text.__pow5mult
                0x08006564       0xb8 D:/Tools.i4N/Arm-None-Eabi-Gcc/arm-gnu-toolchain-14.3.rel1-mingw-w64-x86_64-arm-none-eabi/bin/../lib/gcc/arm-none-eabi/14.3.1/../../../../arm-none-eabi/lib/thumb/v7e-m+fp/hard\libc_nano.a(libc_a-mprec.o)
                0x08006564                __pow5mult
 .text.__lshift
                0x0800661c       0xdc D:/Tools.i4N/Arm-None-Eabi-Gcc/arm-gnu-toolchain-14.3.rel1-mingw-w64-x86_64-arm-none-eabi/bin/../lib/gcc/arm-none-eabi/14.3.1/../../../../arm-none-eabi/lib/thumb/v7e-m+fp/hard\libc_nano.a(libc_a-mprec.o)
                0x0800661c                __lshift
 .text.__mcmp   0x080066f8       0x36 D:/Tools.i4N/Arm-None-Eabi-Gcc/arm-gnu-toolchain-14.3.rel1-mingw-w64-x86_64-arm-none-eabi/bin/../lib/gcc/arm-none-eabi/14.3.1/../../../../arm-none-eabi/lib/thumb/v7e-m+fp/hard\libc_nano.a(libc_a-mprec.o)
                0x080066f8                __mcmp
 *fill*         0x0800672e        0x2 
 .text.__mdiff  0x08006730      0x130 D:/Tools.i4N/Arm-None-Eabi-Gcc/arm-gnu-toolchain-14.3.rel1-mingw-w64-x86_64-arm-none-eabi/bin/../lib/gcc/arm-none-eabi/14.3.1/../../../../arm-none-eabi/lib/thumb/v7e-m+fp/hard\libc_nano.a(libc_a-mprec.o)
                0x08006730                __mdiff
 .text.__d2b    0x08006860       0xb0 D:/Tools.i4N/Arm-None-Eabi-Gcc/arm-gnu-toolchain-14.3.rel1-mingw-w64-x86_64-arm-none-eabi/bin/../lib/gcc/arm-none-eabi/14.3.1/../../../../arm-none-eabi/lib/thumb/v7e-m+fp/hard\libc_nano.a(libc_a-mprec.o)
                0x08006860                __d2b
 .text.__ssputs_r
                0x08006910       0xc0 D:/Tools.i4N/Arm-None-Eabi-Gcc/arm-gnu-toolchain-14.3.rel1-mingw-w64-x86_64-arm-none-eabi/bin/../lib/gcc/arm-none-eabi/14.3.1/../../../../arm-none-eabi/lib/thumb/v7e-m+fp/hard\libc_nano.a(libc_a-nano-svfprintf.o)
                0x08006910                __ssputs_r
 .text._svfprintf_r
                0x080069d0      0x1f0 D:/Tools.i4N/Arm-None-Eabi-Gcc/arm-gnu-toolchain-14.3.rel1-mingw-w64-x86_64-arm-none-eabi/bin/../lib/gcc/arm-none-eabi/14.3.1/../../../../arm-none-eabi/lib/thumb/v7e-m+fp/hard\libc_nano.a(libc_a-nano-svfprintf.o)
                0x080069d0                _svfiprintf_r
                0x080069d0                _svfprintf_r
 .text.__sflush_r
                0x08006bc0      0x104 D:/Tools.i4N/Arm-None-Eabi-Gcc/arm-gnu-toolchain-14.3.rel1-mingw-w64-x86_64-arm-none-eabi/bin/../lib/gcc/arm-none-eabi/14.3.1/../../../../arm-none-eabi/lib/thumb/v7e-m+fp/hard\libc_nano.a(libc_a-fflush.o)
                0x08006bc0                __sflush_r
 .text._fflush_r
                0x08006cc4       0x50 D:/Tools.i4N/Arm-None-Eabi-Gcc/arm-gnu-toolchain-14.3.rel1-mingw-w64-x86_64-arm-none-eabi/bin/../lib/gcc/arm-none-eabi/14.3.1/../../../../arm-none-eabi/lib/thumb/v7e-m+fp/hard\libc_nano.a(libc_a-fflush.o)
                0x08006cc4                _fflush_r
 .text.memmove  0x08006d14       0x32 D:/Tools.i4N/Arm-None-Eabi-Gcc/arm-gnu-toolchain-14.3.rel1-mingw-w64-x86_64-arm-none-eabi/bin/../lib/gcc/arm-none-eabi/14.3.1/../../../../arm-none-eabi/lib/thumb/v7e-m+fp/hard\libc_nano.a(libc_a-memmove.o)
                0x08006d14                memmove
 *fill*         0x08006d46        0x2 
 .text._sbrk_r  0x08006d48       0x20 D:/Tools.i4N/Arm-None-Eabi-Gcc/arm-gnu-toolchain-14.3.rel1-mingw-w64-x86_64-arm-none-eabi/bin/../lib/gcc/arm-none-eabi/14.3.1/../../../../arm-none-eabi/lib/thumb/v7e-m+fp/hard\libc_nano.a(libc_a-sbrkr.o)
                0x08006d48                _sbrk_r
 .text.memcpy   0x08006d68       0x1c D:/Tools.i4N/Arm-None-Eabi-Gcc/arm-gnu-toolchain-14.3.rel1-mingw-w64-x86_64-arm-none-eabi/bin/../lib/gcc/arm-none-eabi/14.3.1/../../../../arm-none-eabi/lib/thumb/v7e-m+fp/hard\libc_nano.a(libc_a-memcpy-stub.o)
                0x08006d68                memcpy
 .text.__assert_func
                0x08006d84       0x3c D:/Tools.i4N/Arm-None-Eabi-Gcc/arm-gnu-toolchain-14.3.rel1-mingw-w64-x86_64-arm-none-eabi/bin/../lib/gcc/arm-none-eabi/14.3.1/../../../../arm-none-eabi/lib/thumb/v7e-m+fp/hard\libc_nano.a(libc_a-assert.o)
                0x08006d84                __assert_func
 .text._calloc_r
                0x08006dc0       0x28 D:/Tools.i4N/Arm-None-Eabi-Gcc/arm-gnu-toolchain-14.3.rel1-mingw-w64-x86_64-arm-none-eabi/bin/../lib/gcc/arm-none-eabi/14.3.1/../../../../arm-none-eabi/lib/thumb/v7e-m+fp/hard\libc_nano.a(libc_a-callocr.o)
                0x08006dc0                _calloc_r
 .text.__ascii_mbtowc
                0x08006de8       0x24 D:/Tools.i4N/Arm-None-Eabi-Gcc/arm-gnu-toolchain-14.3.rel1-mingw-w64-x86_64-arm-none-eabi/bin/../lib/gcc/arm-none-eabi/14.3.1/../../../../arm-none-eabi/lib/thumb/v7e-m+fp/hard\libc_nano.a(libc_a-mbtowc_r.o)
                0x08006de8                __ascii_mbtowc
 .text._realloc_r
                0x08006e0c       0x5c D:/Tools.i4N/Arm-None-Eabi-Gcc/arm-gnu-toolchain-14.3.rel1-mingw-w64-x86_64-arm-none-eabi/bin/../lib/gcc/arm-none-eabi/14.3.1/../../../../arm-none-eabi/lib/thumb/v7e-m+fp/hard\libc_nano.a(libc_a-reallocr.o)
                0x08006e0c                _realloc_r
 .text.__ascii_wctomb
                0x08006e68       0x1a D:/Tools.i4N/Arm-None-Eabi-Gcc/arm-gnu-toolchain-14.3.rel1-mingw-w64-x86_64-arm-none-eabi/bin/../lib/gcc/arm-none-eabi/14.3.1/../../../../arm-none-eabi/lib/thumb/v7e-m+fp/hard\libc_nano.a(libc_a-wctomb_r.o)
                0x08006e68                __ascii_wctomb
 *fill*         0x08006e82        0x2 
 .text.fprintf  0x08006e84       0x24 D:/Tools.i4N/Arm-None-Eabi-Gcc/arm-gnu-toolchain-14.3.rel1-mingw-w64-x86_64-arm-none-eabi/bin/../lib/gcc/arm-none-eabi/14.3.1/../../../../arm-none-eabi/lib/thumb/v7e-m+fp/hard\libc_nano.a(libc_a-fprintf.o)
                0x08006e84                fiprintf
                0x08006e84                fprintf
 .text.abort    0x08006ea8        0xe D:/Tools.i4N/Arm-None-Eabi-Gcc/arm-gnu-toolchain-14.3.rel1-mingw-w64-x86_64-arm-none-eabi/bin/../lib/gcc/arm-none-eabi/14.3.1/../../../../arm-none-eabi/lib/thumb/v7e-m+fp/hard\libc_nano.a(libc_a-abort.o)
                0x08006ea8                abort
 .text._malloc_usable_size_r
                0x08006eb6       0x10 D:/Tools.i4N/Arm-None-Eabi-Gcc/arm-gnu-toolchain-14.3.rel1-mingw-w64-x86_64-arm-none-eabi/bin/../lib/gcc/arm-none-eabi/14.3.1/../../../../arm-none-eabi/lib/thumb/v7e-m+fp/hard\libc_nano.a(libc_a-msizer.o)
                0x08006eb6                _malloc_usable_size_r
 .text.__sfputc_r
                0x08006ec6       0x2e D:/Tools.i4N/Arm-None-Eabi-Gcc/arm-gnu-toolchain-14.3.rel1-mingw-w64-x86_64-arm-none-eabi/bin/../lib/gcc/arm-none-eabi/14.3.1/../../../../arm-none-eabi/lib/thumb/v7e-m+fp/hard\libc_nano.a(libc_a-nano-vfprintf.o)
 .text.__sfputs_r
                0x08006ef4       0x24 D:/Tools.i4N/Arm-None-Eabi-Gcc/arm-gnu-toolchain-14.3.rel1-mingw-w64-x86_64-arm-none-eabi/bin/../lib/gcc/arm-none-eabi/14.3.1/../../../../arm-none-eabi/lib/thumb/v7e-m+fp/hard\libc_nano.a(libc_a-nano-vfprintf.o)
                0x08006ef4                __sfputs_r
 .text._vfprintf_r
                0x08006f18      0x228 D:/Tools.i4N/Arm-None-Eabi-Gcc/arm-gnu-toolchain-14.3.rel1-mingw-w64-x86_64-arm-none-eabi/bin/../lib/gcc/arm-none-eabi/14.3.1/../../../../arm-none-eabi/lib/thumb/v7e-m+fp/hard\libc_nano.a(libc_a-nano-vfprintf.o)
                0x08006f18                _vfprintf_r
                0x08006f18                _vfiprintf_r
 .text.__swbuf_r
                0x08007140       0x7c D:/Tools.i4N/Arm-None-Eabi-Gcc/arm-gnu-toolchain-14.3.rel1-mingw-w64-x86_64-arm-none-eabi/bin/../lib/gcc/arm-none-eabi/14.3.1/../../../../arm-none-eabi/lib/thumb/v7e-m+fp/hard\libc_nano.a(libc_a-wbuf.o)
                0x08007140                __swbuf_r
 .text.__swsetup_r
                0x080071bc       0xa8 D:/Tools.i4N/Arm-None-Eabi-Gcc/arm-gnu-toolchain-14.3.rel1-mingw-w64-x86_64-arm-none-eabi/bin/../lib/gcc/arm-none-eabi/14.3.1/../../../../arm-none-eabi/lib/thumb/v7e-m+fp/hard\libc_nano.a(libc_a-wsetup.o)
                0x080071bc                __swsetup_r
 .text._raise_r
                0x08007264       0x50 D:/Tools.i4N/Arm-None-Eabi-Gcc/arm-gnu-toolchain-14.3.rel1-mingw-w64-x86_64-arm-none-eabi/bin/../lib/gcc/arm-none-eabi/14.3.1/../../../../arm-none-eabi/lib/thumb/v7e-m+fp/hard\libc_nano.a(libc_a-signal.o)
                0x08007264                _raise_r
 .text.raise    0x080072b4       0x10 D:/Tools.i4N/Arm-None-Eabi-Gcc/arm-gnu-toolchain-14.3.rel1-mingw-w64-x86_64-arm-none-eabi/bin/../lib/gcc/arm-none-eabi/14.3.1/../../../../arm-none-eabi/lib/thumb/v7e-m+fp/hard\libc_nano.a(libc_a-signal.o)
                0x080072b4                raise
 .text._kill_r  0x080072c4       0x24 D:/Tools.i4N/Arm-None-Eabi-Gcc/arm-gnu-toolchain-14.3.rel1-mingw-w64-x86_64-arm-none-eabi/bin/../lib/gcc/arm-none-eabi/14.3.1/../../../../arm-none-eabi/lib/thumb/v7e-m+fp/hard\libc_nano.a(libc_a-signalr.o)
                0x080072c4                _kill_r
 .text._getpid_r
                0x080072e8        0x4 D:/Tools.i4N/Arm-None-Eabi-Gcc/arm-gnu-toolchain-14.3.rel1-mingw-w64-x86_64-arm-none-eabi/bin/../lib/gcc/arm-none-eabi/14.3.1/../../../../arm-none-eabi/lib/thumb/v7e-m+fp/hard\libc_nano.a(libc_a-signalr.o)
                0x080072e8                _getpid_r
 .text.__swhatbuf_r
                0x080072ec       0x48 D:/Tools.i4N/Arm-None-Eabi-Gcc/arm-gnu-toolchain-14.3.rel1-mingw-w64-x86_64-arm-none-eabi/bin/../lib/gcc/arm-none-eabi/14.3.1/../../../../arm-none-eabi/lib/thumb/v7e-m+fp/hard\libc_nano.a(libc_a-makebuf.o)
                0x080072ec                __swhatbuf_r
 .text.__smakebuf_r
                0x08007334       0x72 D:/Tools.i4N/Arm-None-Eabi-Gcc/arm-gnu-toolchain-14.3.rel1-mingw-w64-x86_64-arm-none-eabi/bin/../lib/gcc/arm-none-eabi/14.3.1/../../../../arm-none-eabi/lib/thumb/v7e-m+fp/hard\libc_nano.a(libc_a-makebuf.o)
                0x08007334                __smakebuf_r
 *fill*         0x080073a6        0x2 
 .text._fstat_r
                0x080073a8       0x24 D:/Tools.i4N/Arm-None-Eabi-Gcc/arm-gnu-toolchain-14.3.rel1-mingw-w64-x86_64-arm-none-eabi/bin/../lib/gcc/arm-none-eabi/14.3.1/../../../../arm-none-eabi/lib/thumb/v7e-m+fp/hard\libc_nano.a(libc_a-fstatr.o)
                0x080073a8                _fstat_r
 .text._isatty_r
                0x080073cc       0x20 D:/Tools.i4N/Arm-None-Eabi-Gcc/arm-gnu-toolchain-14.3.rel1-mingw-w64-x86_64-arm-none-eabi/bin/../lib/gcc/arm-none-eabi/14.3.1/../../../../arm-none-eabi/lib/thumb/v7e-m+fp/hard\libc_nano.a(libc_a-isattyr.o)
                0x080073cc                _isatty_r
 .text.__udivmoddi4
                0x080073ec      0x2f8 D:/Tools.i4N/Arm-None-Eabi-Gcc/arm-gnu-toolchain-14.3.rel1-mingw-w64-x86_64-arm-none-eabi/bin/../lib/gcc/arm-none-eabi/14.3.1/thumb/v7e-m+fp/hard\libgcc.a(_udivmoddi4.o)
                0x080073ec                __udivmoddi4
 *(.glue_7)
 .glue_7        0x080076e4        0x0 linker stubs
 *(.glue_7t)
 .glue_7t       0x080076e4        0x0 linker stubs
 *(.eh_frame)
 .eh_frame      0x080076e4        0x0 D:/Tools.i4N/Arm-None-Eabi-Gcc/arm-gnu-toolchain-14.3.rel1-mingw-w64-x86_64-arm-none-eabi/bin/../lib/gcc/arm-none-eabi/14.3.1/thumb/v7e-m+fp/hard/crtbegin.o
 *(.init)
 .init          0x080076e4        0x4 D:/Tools.i4N/Arm-None-Eabi-Gcc/arm-gnu-toolchain-14.3.rel1-mingw-w64-x86_64-arm-none-eabi/bin/../lib/gcc/arm-none-eabi/14.3.1/thumb/v7e-m+fp/hard/crti.o
                0x080076e4                _init
 .init          0x080076e8        0x8 D:/Tools.i4N/Arm-None-Eabi-Gcc/arm-gnu-toolchain-14.3.rel1-mingw-w64-x86_64-arm-none-eabi/bin/../lib/gcc/arm-none-eabi/14.3.1/thumb/v7e-m+fp/hard/crtn.o
 *(.fini)
 .fini          0x080076f0        0x4 D:/Tools.i4N/Arm-None-Eabi-Gcc/arm-gnu-toolchain-14.3.rel1-mingw-w64-x86_64-arm-none-eabi/bin/../lib/gcc/arm-none-eabi/14.3.1/thumb/v7e-m+fp/hard/crti.o
                0x080076f0                _fini
 .fini          0x080076f4        0x8 D:/Tools.i4N/Arm-None-Eabi-Gcc/arm-gnu-toolchain-14.3.rel1-mingw-w64-x86_64-arm-none-eabi/bin/../lib/gcc/arm-none-eabi/14.3.1/thumb/v7e-m+fp/hard/crtn.o
                0x080076fc                        . = ALIGN (0x4)
                0x080076fc                        _etext = .

.vfp11_veneer   0x080076fc        0x0
 .vfp11_veneer  0x080076fc        0x0 linker stubs

.v4_bx          0x080076fc        0x0
 .v4_bx         0x080076fc        0x0 linker stubs

.iplt           0x080076fc        0x0
 .iplt          0x080076fc        0x0 D:/Tools.i4N/Arm-None-Eabi-Gcc/arm-gnu-toolchain-14.3.rel1-mingw-w64-x86_64-arm-none-eabi/bin/../lib/gcc/arm-none-eabi/14.3.1/thumb/v7e-m+fp/hard/crtbegin.o

.rodata         0x08007700      0x41c
                0x08007700                        . = ALIGN (0x4)
 *(.rodata)
 .rodata        0x08007700       0x7c CMakeFiles/Tlaloc.dir/Hardware.i4N/ST7306.cpp.obj
 .rodata        0x0800777c        0xf CMakeFiles/Tlaloc.dir/Hardware.i4N/uart_app.cpp.obj
 *(.rodata*)
 *fill*         0x0800778b        0x1 
 .rodata.AHBPrescTable
                0x0800778c       0x10 cmake/stm32cubemx/CMakeFiles/STM32_Drivers.dir/__/__/Core/Src/system_stm32f4xx.c.obj
                0x0800778c                AHBPrescTable
 .rodata.APBPrescTable
                0x0800779c        0x8 cmake/stm32cubemx/CMakeFiles/STM32_Drivers.dir/__/__/Core/Src/system_stm32f4xx.c.obj
                0x0800779c                APBPrescTable
 .rodata._printf_float.str1.1
                0x080077a4      0x177 D:/Tools.i4N/Arm-None-Eabi-Gcc/arm-gnu-toolchain-14.3.rel1-mingw-w64-x86_64-arm-none-eabi/bin/../lib/gcc/arm-none-eabi/14.3.1/../../../../arm-none-eabi/lib/thumb/v7e-m+fp/hard\libc_nano.a(libc_a-nano-vfprintf_float.o)
                                 0x12 (size before relaxing)
 .rodata._printf_i.str1.1
                0x0800791b       0x22 D:/Tools.i4N/Arm-None-Eabi-Gcc/arm-gnu-toolchain-14.3.rel1-mingw-w64-x86_64-arm-none-eabi/bin/../lib/gcc/arm-none-eabi/14.3.1/../../../../arm-none-eabi/lib/thumb/v7e-m+fp/hard\libc_nano.a(libc_a-nano-vfprintf_i.o)
 .rodata._dtoa_r.str1.1
                0x0800791b       0x92 D:/Tools.i4N/Arm-None-Eabi-Gcc/arm-gnu-toolchain-14.3.rel1-mingw-w64-x86_64-arm-none-eabi/bin/../lib/gcc/arm-none-eabi/14.3.1/../../../../arm-none-eabi/lib/thumb/v7e-m+fp/hard\libc_nano.a(libc_a-dtoa.o)
 .rodata._Balloc.str1.1
                0x0800791b       0x73 D:/Tools.i4N/Arm-None-Eabi-Gcc/arm-gnu-toolchain-14.3.rel1-mingw-w64-x86_64-arm-none-eabi/bin/../lib/gcc/arm-none-eabi/14.3.1/../../../../arm-none-eabi/lib/thumb/v7e-m+fp/hard\libc_nano.a(libc_a-mprec.o)
 .rodata.__multadd.str1.1
                0x0800791b       0x11 D:/Tools.i4N/Arm-None-Eabi-Gcc/arm-gnu-toolchain-14.3.rel1-mingw-w64-x86_64-arm-none-eabi/bin/../lib/gcc/arm-none-eabi/14.3.1/../../../../arm-none-eabi/lib/thumb/v7e-m+fp/hard\libc_nano.a(libc_a-mprec.o)
 *fill*         0x0800791b        0x1 
 .rodata.p05.0  0x0800791c        0xc D:/Tools.i4N/Arm-None-Eabi-Gcc/arm-gnu-toolchain-14.3.rel1-mingw-w64-x86_64-arm-none-eabi/bin/../lib/gcc/arm-none-eabi/14.3.1/../../../../arm-none-eabi/lib/thumb/v7e-m+fp/hard\libc_nano.a(libc_a-mprec.o)
 .rodata.__mprec_bigtens
                0x08007928       0x28 D:/Tools.i4N/Arm-None-Eabi-Gcc/arm-gnu-toolchain-14.3.rel1-mingw-w64-x86_64-arm-none-eabi/bin/../lib/gcc/arm-none-eabi/14.3.1/../../../../arm-none-eabi/lib/thumb/v7e-m+fp/hard\libc_nano.a(libc_a-mprec.o)
                0x08007928                __mprec_bigtens
 .rodata.__mprec_tens
                0x08007950       0xc8 D:/Tools.i4N/Arm-None-Eabi-Gcc/arm-gnu-toolchain-14.3.rel1-mingw-w64-x86_64-arm-none-eabi/bin/../lib/gcc/arm-none-eabi/14.3.1/../../../../arm-none-eabi/lib/thumb/v7e-m+fp/hard\libc_nano.a(libc_a-mprec.o)
                0x08007950                __mprec_tens
 .rodata._svfprintf_r.str1.1
                0x08007a18       0x11 D:/Tools.i4N/Arm-None-Eabi-Gcc/arm-gnu-toolchain-14.3.rel1-mingw-w64-x86_64-arm-none-eabi/bin/../lib/gcc/arm-none-eabi/14.3.1/../../../../arm-none-eabi/lib/thumb/v7e-m+fp/hard\libc_nano.a(libc_a-nano-svfprintf.o)
 .rodata._setlocale_r.str1.1
                0x08007a18        0x9 D:/Tools.i4N/Arm-None-Eabi-Gcc/arm-gnu-toolchain-14.3.rel1-mingw-w64-x86_64-arm-none-eabi/bin/../lib/gcc/arm-none-eabi/14.3.1/../../../../arm-none-eabi/lib/thumb/v7e-m+fp/hard\libc_nano.a(libc_a-locale.o)
 .rodata.str1.1
                0x08007a18        0x2 D:/Tools.i4N/Arm-None-Eabi-Gcc/arm-gnu-toolchain-14.3.rel1-mingw-w64-x86_64-arm-none-eabi/bin/../lib/gcc/arm-none-eabi/14.3.1/../../../../arm-none-eabi/lib/thumb/v7e-m+fp/hard\libc_nano.a(libc_a-locale.o)
 .rodata.__assert_func.str1.1
                0x08007a18       0x3d D:/Tools.i4N/Arm-None-Eabi-Gcc/arm-gnu-toolchain-14.3.rel1-mingw-w64-x86_64-arm-none-eabi/bin/../lib/gcc/arm-none-eabi/14.3.1/../../../../arm-none-eabi/lib/thumb/v7e-m+fp/hard\libc_nano.a(libc_a-assert.o)
 .rodata._ctype_
                0x08007a18      0x101 D:/Tools.i4N/Arm-None-Eabi-Gcc/arm-gnu-toolchain-14.3.rel1-mingw-w64-x86_64-arm-none-eabi/bin/../lib/gcc/arm-none-eabi/14.3.1/../../../../arm-none-eabi/lib/thumb/v7e-m+fp/hard\libc_nano.a(libc_a-ctype_.o)
                0x08007a18                _ctype_
 .rodata._vfprintf_r.str1.1
                0x08007b19       0x11 D:/Tools.i4N/Arm-None-Eabi-Gcc/arm-gnu-toolchain-14.3.rel1-mingw-w64-x86_64-arm-none-eabi/bin/../lib/gcc/arm-none-eabi/14.3.1/../../../../arm-none-eabi/lib/thumb/v7e-m+fp/hard\libc_nano.a(libc_a-nano-vfprintf.o)
                0x08007b2c                        . = ALIGN (0x4)
 *fill*         0x08007b19        0x3 

.ARM.extab      0x08007b1c        0x0
                0x08007b1c                        . = ALIGN (0x4)
 *(.ARM.extab* .gnu.linkonce.armextab.*)
                0x08007b1c                        . = ALIGN (0x4)

.ARM            0x08007b1c        0x8
                0x08007b1c                        . = ALIGN (0x4)
                0x08007b1c                        __exidx_start = .
 *(.ARM.exidx*)
 .ARM.exidx     0x08007b1c        0x8 D:/Tools.i4N/Arm-None-Eabi-Gcc/arm-gnu-toolchain-14.3.rel1-mingw-w64-x86_64-arm-none-eabi/bin/../lib/gcc/arm-none-eabi/14.3.1/../../../../arm-none-eabi/lib/thumb/v7e-m+fp/hard\libc_nano.a(libc_a-memchr.o)
 .ARM.exidx     0x08007b24        0x0 D:/Tools.i4N/Arm-None-Eabi-Gcc/arm-gnu-toolchain-14.3.rel1-mingw-w64-x86_64-arm-none-eabi/bin/../lib/gcc/arm-none-eabi/14.3.1/../../../../arm-none-eabi/lib/thumb/v7e-m+fp/hard\libc_nano.a(libc_a-strlen.o)
                                  0x8 (size before relaxing)
 .ARM.exidx.text.__udivmoddi4
                0x08007b24        0x0 D:/Tools.i4N/Arm-None-Eabi-Gcc/arm-gnu-toolchain-14.3.rel1-mingw-w64-x86_64-arm-none-eabi/bin/../lib/gcc/arm-none-eabi/14.3.1/thumb/v7e-m+fp/hard\libgcc.a(_udivmoddi4.o)
                                  0x8 (size before relaxing)
                0x08007b24                        __exidx_end = .
                0x08007b24                        . = ALIGN (0x4)

.preinit_array  0x08007b24        0x0
                0x08007b24                        . = ALIGN (0x4)
                0x08007b24                        PROVIDE (__preinit_array_start = .)
 *(.preinit_array*)
                0x08007b24                        PROVIDE (__preinit_array_end = .)
                0x08007b24                        . = ALIGN (0x4)

.init_array     0x08007b24        0x4
                0x08007b24                        . = ALIGN (0x4)
                0x08007b24                        PROVIDE (__init_array_start = .)
 *(SORT_BY_NAME(.init_array.*))
 *(.init_array*)
 .init_array    0x08007b24        0x4 D:/Tools.i4N/Arm-None-Eabi-Gcc/arm-gnu-toolchain-14.3.rel1-mingw-w64-x86_64-arm-none-eabi/bin/../lib/gcc/arm-none-eabi/14.3.1/thumb/v7e-m+fp/hard/crtbegin.o
                0x08007b28                        PROVIDE (__init_array_end = .)
                0x08007b28                        . = ALIGN (0x4)

.fini_array     0x08007b28        0x4
                0x08007b28                        . = ALIGN (0x4)
                [!provide]                        PROVIDE (__fini_array_start = .)
 *(SORT_BY_NAME(.fini_array.*))
 *(.fini_array*)
 .fini_array    0x08007b28        0x4 D:/Tools.i4N/Arm-None-Eabi-Gcc/arm-gnu-toolchain-14.3.rel1-mingw-w64-x86_64-arm-none-eabi/bin/../lib/gcc/arm-none-eabi/14.3.1/thumb/v7e-m+fp/hard/crtbegin.o
                [!provide]                        PROVIDE (__fini_array_end = .)
                0x08007b2c                        . = ALIGN (0x4)
                0x08007b2c                        _sidata = LOADADDR (.data)

.rel.dyn        0x08007b2c        0x0
 .rel.iplt      0x08007b2c        0x0 D:/Tools.i4N/Arm-None-Eabi-Gcc/arm-gnu-toolchain-14.3.rel1-mingw-w64-x86_64-arm-none-eabi/bin/../lib/gcc/arm-none-eabi/14.3.1/thumb/v7e-m+fp/hard/crtbegin.o

.data           0x20000000      0x1d4 load address 0x08007b2c
                0x20000000                        . = ALIGN (0x4)
                0x20000000                        _sdata = .
 *(.data)
 *(.data*)
 .data.SystemCoreClock
                0x20000000        0x4 cmake/stm32cubemx/CMakeFiles/STM32_Drivers.dir/__/__/Core/Src/system_stm32f4xx.c.obj
                0x20000000                SystemCoreClock
 .data.uwTickPrio
                0x20000004        0x4 cmake/stm32cubemx/CMakeFiles/STM32_Drivers.dir/__/__/Drivers/STM32F4xx_HAL_Driver/Src/stm32f4xx_hal.c.obj
                0x20000004                uwTickPrio
 .data.uwTickFreq
                0x20000008        0x1 cmake/stm32cubemx/CMakeFiles/STM32_Drivers.dir/__/__/Drivers/STM32F4xx_HAL_Driver/Src/stm32f4xx_hal.c.obj
                0x20000008                uwTickFreq
 *fill*         0x20000009        0x3 
 .data.__sglue  0x2000000c        0xc D:/Tools.i4N/Arm-None-Eabi-Gcc/arm-gnu-toolchain-14.3.rel1-mingw-w64-x86_64-arm-none-eabi/bin/../lib/gcc/arm-none-eabi/14.3.1/../../../../arm-none-eabi/lib/thumb/v7e-m+fp/hard\libc_nano.a(libc_a-findfp.o)
                0x2000000c                __sglue
 .data._impure_ptr
                0x20000018        0x4 D:/Tools.i4N/Arm-None-Eabi-Gcc/arm-gnu-toolchain-14.3.rel1-mingw-w64-x86_64-arm-none-eabi/bin/../lib/gcc/arm-none-eabi/14.3.1/../../../../arm-none-eabi/lib/thumb/v7e-m+fp/hard\libc_nano.a(libc_a-impure.o)
                0x20000018                _impure_ptr
 .data._impure_data
                0x2000001c       0x4c D:/Tools.i4N/Arm-None-Eabi-Gcc/arm-gnu-toolchain-14.3.rel1-mingw-w64-x86_64-arm-none-eabi/bin/../lib/gcc/arm-none-eabi/14.3.1/../../../../arm-none-eabi/lib/thumb/v7e-m+fp/hard\libc_nano.a(libc_a-impure.o)
                0x2000001c                _impure_data
 .data.__global_locale
                0x20000068      0x16c D:/Tools.i4N/Arm-None-Eabi-Gcc/arm-gnu-toolchain-14.3.rel1-mingw-w64-x86_64-arm-none-eabi/bin/../lib/gcc/arm-none-eabi/14.3.1/../../../../arm-none-eabi/lib/thumb/v7e-m+fp/hard\libc_nano.a(libc_a-locale.o)
                0x20000068                __global_locale
 *(.RamFunc)
 *(.RamFunc*)
                0x200001d4                        . = ALIGN (0x4)
                0x200001d4                        _edata = .

.tm_clone_table
                0x200001d4        0x0 load address 0x08007d00
 .tm_clone_table
                0x200001d4        0x0 D:/Tools.i4N/Arm-None-Eabi-Gcc/arm-gnu-toolchain-14.3.rel1-mingw-w64-x86_64-arm-none-eabi/bin/../lib/gcc/arm-none-eabi/14.3.1/thumb/v7e-m+fp/hard/crtbegin.o
 .tm_clone_table
                0x200001d4        0x0 D:/Tools.i4N/Arm-None-Eabi-Gcc/arm-gnu-toolchain-14.3.rel1-mingw-w64-x86_64-arm-none-eabi/bin/../lib/gcc/arm-none-eabi/14.3.1/thumb/v7e-m+fp/hard/crtend.o

.igot.plt       0x200001d4        0x0 load address 0x08007d00
 .igot.plt      0x200001d4        0x0 D:/Tools.i4N/Arm-None-Eabi-Gcc/arm-gnu-toolchain-14.3.rel1-mingw-w64-x86_64-arm-none-eabi/bin/../lib/gcc/arm-none-eabi/14.3.1/thumb/v7e-m+fp/hard/crtbegin.o
                0x200001d4                        . = ALIGN (0x4)

.bss            0x200001d4      0x2b0 load address 0x08007d00
                0x200001d4                        _sbss = .
                0x200001d4                        __bss_start__ = _sbss
 *(.bss)
 *(.bss*)
 .bss.completed.1
                0x200001d4        0x1 D:/Tools.i4N/Arm-None-Eabi-Gcc/arm-gnu-toolchain-14.3.rel1-mingw-w64-x86_64-arm-none-eabi/bin/../lib/gcc/arm-none-eabi/14.3.1/thumb/v7e-m+fp/hard/crtbegin.o
 *fill*         0x200001d5        0x3 
 .bss.object.0  0x200001d8       0x18 D:/Tools.i4N/Arm-None-Eabi-Gcc/arm-gnu-toolchain-14.3.rel1-mingw-w64-x86_64-arm-none-eabi/bin/../lib/gcc/arm-none-eabi/14.3.1/thumb/v7e-m+fp/hard/crtbegin.o
 .bss.uwTick    0x200001f0        0x4 cmake/stm32cubemx/CMakeFiles/STM32_Drivers.dir/__/__/Drivers/STM32F4xx_HAL_Driver/Src/stm32f4xx_hal.c.obj
                0x200001f0                uwTick
 .bss.recv_data
                0x200001f4        0x1 CMakeFiles/Tlaloc.dir/Hardware.i4N/uart_app.cpp.obj
                0x200001f4                recv_data
 *fill*         0x200001f5        0x3 
 .bss.hi2c1     0x200001f8       0x54 CMakeFiles/Tlaloc.dir/Core/Src/i2c.c.obj
                0x200001f8                hi2c1
 .bss.hspi1     0x2000024c       0x58 CMakeFiles/Tlaloc.dir/Core/Src/spi.c.obj
                0x2000024c                hspi1
 .bss.htim3     0x200002a4       0x48 CMakeFiles/Tlaloc.dir/Core/Src/tim.c.obj
                0x200002a4                htim3
 .bss.huart1    0x200002ec       0x48 CMakeFiles/Tlaloc.dir/Core/Src/usart.c.obj
                0x200002ec                huart1
 .bss.__sbrk_heap_end
                0x20000334        0x4 CMakeFiles/Tlaloc.dir/Core/Src/sysmem.c.obj
 .bss.__sf      0x20000338      0x138 D:/Tools.i4N/Arm-None-Eabi-Gcc/arm-gnu-toolchain-14.3.rel1-mingw-w64-x86_64-arm-none-eabi/bin/../lib/gcc/arm-none-eabi/14.3.1/../../../../arm-none-eabi/lib/thumb/v7e-m+fp/hard\libc_nano.a(libc_a-findfp.o)
                0x20000338                __sf
 .bss.__stdio_exit_handler
                0x20000470        0x4 D:/Tools.i4N/Arm-None-Eabi-Gcc/arm-gnu-toolchain-14.3.rel1-mingw-w64-x86_64-arm-none-eabi/bin/../lib/gcc/arm-none-eabi/14.3.1/../../../../arm-none-eabi/lib/thumb/v7e-m+fp/hard\libc_nano.a(libc_a-findfp.o)
                0x20000470                __stdio_exit_handler
 .bss.errno     0x20000474        0x4 D:/Tools.i4N/Arm-None-Eabi-Gcc/arm-gnu-toolchain-14.3.rel1-mingw-w64-x86_64-arm-none-eabi/bin/../lib/gcc/arm-none-eabi/14.3.1/../../../../arm-none-eabi/lib/thumb/v7e-m+fp/hard\libc_nano.a(libc_a-reent.o)
                0x20000474                errno
 .bss.__lock___malloc_recursive_mutex
                0x20000478        0x1 D:/Tools.i4N/Arm-None-Eabi-Gcc/arm-gnu-toolchain-14.3.rel1-mingw-w64-x86_64-arm-none-eabi/bin/../lib/gcc/arm-none-eabi/14.3.1/../../../../arm-none-eabi/lib/thumb/v7e-m+fp/hard\libc_nano.a(libc_a-lock.o)
                0x20000478                __lock___malloc_recursive_mutex
 .bss.__lock___sfp_recursive_mutex
                0x20000479        0x1 D:/Tools.i4N/Arm-None-Eabi-Gcc/arm-gnu-toolchain-14.3.rel1-mingw-w64-x86_64-arm-none-eabi/bin/../lib/gcc/arm-none-eabi/14.3.1/../../../../arm-none-eabi/lib/thumb/v7e-m+fp/hard\libc_nano.a(libc_a-lock.o)
                0x20000479                __lock___sfp_recursive_mutex
 *fill*         0x2000047a        0x2 
 .bss.__malloc_sbrk_start
                0x2000047c        0x4 D:/Tools.i4N/Arm-None-Eabi-Gcc/arm-gnu-toolchain-14.3.rel1-mingw-w64-x86_64-arm-none-eabi/bin/../lib/gcc/arm-none-eabi/14.3.1/../../../../arm-none-eabi/lib/thumb/v7e-m+fp/hard\libc_nano.a(libc_a-mallocr.o)
                0x2000047c                __malloc_sbrk_start
 .bss.__malloc_free_list
                0x20000480        0x4 D:/Tools.i4N/Arm-None-Eabi-Gcc/arm-gnu-toolchain-14.3.rel1-mingw-w64-x86_64-arm-none-eabi/bin/../lib/gcc/arm-none-eabi/14.3.1/../../../../arm-none-eabi/lib/thumb/v7e-m+fp/hard\libc_nano.a(libc_a-mallocr.o)
                0x20000480                __malloc_free_list
 *(COMMON)
                0x20000484                        . = ALIGN (0x4)
                0x20000484                        _ebss = .
                0x20000484                        __bss_end__ = _ebss

._user_heap_stack
                0x20000484      0x604 load address 0x08007d00
                0x20000488                        . = ALIGN (0x8)
 *fill*         0x20000484        0x4 
                [!provide]                        PROVIDE (end = .)
                0x20000488                        PROVIDE (_end = .)
                0x20000688                        . = (. + _Min_Heap_Size)
 *fill*         0x20000488      0x200 
                0x20000a88                        . = (. + _Min_Stack_Size)
 *fill*         0x20000688      0x400 
                0x20000a88                        . = ALIGN (0x8)

/DISCARD/
 libc.a(*)
 libm.a(*)
 libgcc.a(*)
OUTPUT(Tlaloc.elf elf32-littlearm)
LOAD linker stubs
LOAD D:/Tools.i4N/Arm-None-Eabi-Gcc/arm-gnu-toolchain-14.3.rel1-mingw-w64-x86_64-arm-none-eabi/bin/../lib/gcc/arm-none-eabi/14.3.1/../../../../arm-none-eabi/lib/thumb/v7e-m+fp/hard\libc.a
LOAD D:/Tools.i4N/Arm-None-Eabi-Gcc/arm-gnu-toolchain-14.3.rel1-mingw-w64-x86_64-arm-none-eabi/bin/../lib/gcc/arm-none-eabi/14.3.1/../../../../arm-none-eabi/lib/thumb/v7e-m+fp/hard\libm.a
LOAD D:/Tools.i4N/Arm-None-Eabi-Gcc/arm-gnu-toolchain-14.3.rel1-mingw-w64-x86_64-arm-none-eabi/bin/../lib/gcc/arm-none-eabi/14.3.1/thumb/v7e-m+fp/hard\libgcc.a

.ARM.attributes
                0x00000000       0x30
 .ARM.attributes
                0x00000000       0x22 D:/Tools.i4N/Arm-None-Eabi-Gcc/arm-gnu-toolchain-14.3.rel1-mingw-w64-x86_64-arm-none-eabi/bin/../lib/gcc/arm-none-eabi/14.3.1/thumb/v7e-m+fp/hard/crti.o
 .ARM.attributes
                0x00000022       0x34 D:/Tools.i4N/Arm-None-Eabi-Gcc/arm-gnu-toolchain-14.3.rel1-mingw-w64-x86_64-arm-none-eabi/bin/../lib/gcc/arm-none-eabi/14.3.1/thumb/v7e-m+fp/hard/crtbegin.o
 .ARM.attributes
                0x00000056       0x34 cmake/stm32cubemx/CMakeFiles/STM32_Drivers.dir/__/__/Core/Src/system_stm32f4xx.c.obj
 .ARM.attributes
                0x0000008a       0x34 cmake/stm32cubemx/CMakeFiles/STM32_Drivers.dir/__/__/Drivers/STM32F4xx_HAL_Driver/Src/stm32f4xx_hal_i2c.c.obj
 .ARM.attributes
                0x000000be       0x34 cmake/stm32cubemx/CMakeFiles/STM32_Drivers.dir/__/__/Drivers/STM32F4xx_HAL_Driver/Src/stm32f4xx_hal_rcc.c.obj
 .ARM.attributes
                0x000000f2       0x34 cmake/stm32cubemx/CMakeFiles/STM32_Drivers.dir/__/__/Drivers/STM32F4xx_HAL_Driver/Src/stm32f4xx_hal_gpio.c.obj
 .ARM.attributes
                0x00000126       0x34 cmake/stm32cubemx/CMakeFiles/STM32_Drivers.dir/__/__/Drivers/STM32F4xx_HAL_Driver/Src/stm32f4xx_hal_cortex.c.obj
 .ARM.attributes
                0x0000015a       0x34 cmake/stm32cubemx/CMakeFiles/STM32_Drivers.dir/__/__/Drivers/STM32F4xx_HAL_Driver/Src/stm32f4xx_hal.c.obj
 .ARM.attributes
                0x0000018e       0x34 cmake/stm32cubemx/CMakeFiles/STM32_Drivers.dir/__/__/Drivers/STM32F4xx_HAL_Driver/Src/stm32f4xx_hal_spi.c.obj
 .ARM.attributes
                0x000001c2       0x34 cmake/stm32cubemx/CMakeFiles/STM32_Drivers.dir/__/__/Drivers/STM32F4xx_HAL_Driver/Src/stm32f4xx_hal_tim.c.obj
 .ARM.attributes
                0x000001f6       0x34 cmake/stm32cubemx/CMakeFiles/STM32_Drivers.dir/__/__/Drivers/STM32F4xx_HAL_Driver/Src/stm32f4xx_hal_tim_ex.c.obj
 .ARM.attributes
                0x0000022a       0x34 cmake/stm32cubemx/CMakeFiles/STM32_Drivers.dir/__/__/Drivers/STM32F4xx_HAL_Driver/Src/stm32f4xx_hal_uart.c.obj
 .ARM.attributes
                0x0000025e       0x34 CMakeFiles/Tlaloc.dir/Hardware.i4N/ST7306.cpp.obj
 .ARM.attributes
                0x00000292       0x34 CMakeFiles/Tlaloc.dir/Hardware.i4N/uart_app.cpp.obj
 .ARM.attributes
                0x000002c6       0x34 CMakeFiles/Tlaloc.dir/System.i4N/cppmain.cpp.obj
 .ARM.attributes
                0x000002fa       0x34 CMakeFiles/Tlaloc.dir/Core/Src/main.c.obj
 .ARM.attributes
                0x0000032e       0x34 CMakeFiles/Tlaloc.dir/Core/Src/gpio.c.obj
 .ARM.attributes
                0x00000362       0x34 CMakeFiles/Tlaloc.dir/Core/Src/i2c.c.obj
 .ARM.attributes
                0x00000396       0x34 CMakeFiles/Tlaloc.dir/Core/Src/spi.c.obj
 .ARM.attributes
                0x000003ca       0x34 CMakeFiles/Tlaloc.dir/Core/Src/tim.c.obj
 .ARM.attributes
                0x000003fe       0x34 CMakeFiles/Tlaloc.dir/Core/Src/usart.c.obj
 .ARM.attributes
                0x00000432       0x34 CMakeFiles/Tlaloc.dir/Core/Src/stm32f4xx_it.c.obj
 .ARM.attributes
                0x00000466       0x34 CMakeFiles/Tlaloc.dir/Core/Src/stm32f4xx_hal_msp.c.obj
 .ARM.attributes
                0x0000049a       0x34 CMakeFiles/Tlaloc.dir/Core/Src/sysmem.c.obj
 .ARM.attributes
                0x000004ce       0x34 CMakeFiles/Tlaloc.dir/Core/Src/syscalls.c.obj
 .ARM.attributes
                0x00000502       0x21 CMakeFiles/Tlaloc.dir/startup_stm32f411xe.s.obj
 .ARM.attributes
                0x00000523       0x34 D:/Tools.i4N/Arm-None-Eabi-Gcc/arm-gnu-toolchain-14.3.rel1-mingw-w64-x86_64-arm-none-eabi/bin/../lib/gcc/arm-none-eabi/14.3.1/../../../../arm-none-eabi/lib/thumb/v7e-m+fp/hard\libc_nano.a(libc_a-nano-vfprintf_float.o)
 .ARM.attributes
                0x00000557       0x34 D:/Tools.i4N/Arm-None-Eabi-Gcc/arm-gnu-toolchain-14.3.rel1-mingw-w64-x86_64-arm-none-eabi/bin/../lib/gcc/arm-none-eabi/14.3.1/../../../../arm-none-eabi/lib/thumb/v7e-m+fp/hard\libc_nano.a(libc_a-nano-vfprintf_i.o)
 .ARM.attributes
                0x0000058b       0x34 D:/Tools.i4N/Arm-None-Eabi-Gcc/arm-gnu-toolchain-14.3.rel1-mingw-w64-x86_64-arm-none-eabi/bin/../lib/gcc/arm-none-eabi/14.3.1/../../../../arm-none-eabi/lib/thumb/v7e-m+fp/hard\libc_nano.a(libc_a-findfp.o)
 .ARM.attributes
                0x000005bf       0x34 D:/Tools.i4N/Arm-None-Eabi-Gcc/arm-gnu-toolchain-14.3.rel1-mingw-w64-x86_64-arm-none-eabi/bin/../lib/gcc/arm-none-eabi/14.3.1/../../../../arm-none-eabi/lib/thumb/v7e-m+fp/hard\libc_nano.a(libc_a-fwalk.o)
 .ARM.attributes
                0x000005f3       0x34 D:/Tools.i4N/Arm-None-Eabi-Gcc/arm-gnu-toolchain-14.3.rel1-mingw-w64-x86_64-arm-none-eabi/bin/../lib/gcc/arm-none-eabi/14.3.1/../../../../arm-none-eabi/lib/thumb/v7e-m+fp/hard\libc_nano.a(libc_a-snprintf.o)
 .ARM.attributes
                0x00000627       0x34 D:/Tools.i4N/Arm-None-Eabi-Gcc/arm-gnu-toolchain-14.3.rel1-mingw-w64-x86_64-arm-none-eabi/bin/../lib/gcc/arm-none-eabi/14.3.1/../../../../arm-none-eabi/lib/thumb/v7e-m+fp/hard\libc_nano.a(libc_a-stdio.o)
 .ARM.attributes
                0x0000065b       0x34 D:/Tools.i4N/Arm-None-Eabi-Gcc/arm-gnu-toolchain-14.3.rel1-mingw-w64-x86_64-arm-none-eabi/bin/../lib/gcc/arm-none-eabi/14.3.1/../../../../arm-none-eabi/lib/thumb/v7e-m+fp/hard\libc_nano.a(libc_a-memset.o)
 .ARM.attributes
                0x0000068f       0x34 D:/Tools.i4N/Arm-None-Eabi-Gcc/arm-gnu-toolchain-14.3.rel1-mingw-w64-x86_64-arm-none-eabi/bin/../lib/gcc/arm-none-eabi/14.3.1/../../../../arm-none-eabi/lib/thumb/v7e-m+fp/hard\libc_nano.a(libc_a-localeconv.o)
 .ARM.attributes
                0x000006c3       0x34 D:/Tools.i4N/Arm-None-Eabi-Gcc/arm-gnu-toolchain-14.3.rel1-mingw-w64-x86_64-arm-none-eabi/bin/../lib/gcc/arm-none-eabi/14.3.1/../../../../arm-none-eabi/lib/thumb/v7e-m+fp/hard\libc_nano.a(libc_a-closer.o)
 .ARM.attributes
                0x000006f7       0x34 D:/Tools.i4N/Arm-None-Eabi-Gcc/arm-gnu-toolchain-14.3.rel1-mingw-w64-x86_64-arm-none-eabi/bin/../lib/gcc/arm-none-eabi/14.3.1/../../../../arm-none-eabi/lib/thumb/v7e-m+fp/hard\libc_nano.a(libc_a-reent.o)
 .ARM.attributes
                0x0000072b       0x34 D:/Tools.i4N/Arm-None-Eabi-Gcc/arm-gnu-toolchain-14.3.rel1-mingw-w64-x86_64-arm-none-eabi/bin/../lib/gcc/arm-none-eabi/14.3.1/../../../../arm-none-eabi/lib/thumb/v7e-m+fp/hard\libc_nano.a(libc_a-impure.o)
 .ARM.attributes
                0x0000075f       0x34 D:/Tools.i4N/Arm-None-Eabi-Gcc/arm-gnu-toolchain-14.3.rel1-mingw-w64-x86_64-arm-none-eabi/bin/../lib/gcc/arm-none-eabi/14.3.1/../../../../arm-none-eabi/lib/thumb/v7e-m+fp/hard\libc_nano.a(libc_a-lseekr.o)
 .ARM.attributes
                0x00000793       0x34 D:/Tools.i4N/Arm-None-Eabi-Gcc/arm-gnu-toolchain-14.3.rel1-mingw-w64-x86_64-arm-none-eabi/bin/../lib/gcc/arm-none-eabi/14.3.1/../../../../arm-none-eabi/lib/thumb/v7e-m+fp/hard\libc_nano.a(libc_a-readr.o)
 .ARM.attributes
                0x000007c7       0x34 D:/Tools.i4N/Arm-None-Eabi-Gcc/arm-gnu-toolchain-14.3.rel1-mingw-w64-x86_64-arm-none-eabi/bin/../lib/gcc/arm-none-eabi/14.3.1/../../../../arm-none-eabi/lib/thumb/v7e-m+fp/hard\libc_nano.a(libc_a-writer.o)
 .ARM.attributes
                0x000007fb       0x34 D:/Tools.i4N/Arm-None-Eabi-Gcc/arm-gnu-toolchain-14.3.rel1-mingw-w64-x86_64-arm-none-eabi/bin/../lib/gcc/arm-none-eabi/14.3.1/../../../../arm-none-eabi/lib/thumb/v7e-m+fp/hard\libc_nano.a(libc_a-errno.o)
 .ARM.attributes
                0x0000082f       0x34 D:/Tools.i4N/Arm-None-Eabi-Gcc/arm-gnu-toolchain-14.3.rel1-mingw-w64-x86_64-arm-none-eabi/bin/../lib/gcc/arm-none-eabi/14.3.1/../../../../arm-none-eabi/lib/thumb/v7e-m+fp/hard\libc_nano.a(libc_a-init.o)
 .ARM.attributes
                0x00000863       0x34 D:/Tools.i4N/Arm-None-Eabi-Gcc/arm-gnu-toolchain-14.3.rel1-mingw-w64-x86_64-arm-none-eabi/bin/../lib/gcc/arm-none-eabi/14.3.1/../../../../arm-none-eabi/lib/thumb/v7e-m+fp/hard\libc_nano.a(libc_a-lock.o)
 .ARM.attributes
                0x00000897       0x1c D:/Tools.i4N/Arm-None-Eabi-Gcc/arm-gnu-toolchain-14.3.rel1-mingw-w64-x86_64-arm-none-eabi/bin/../lib/gcc/arm-none-eabi/14.3.1/../../../../arm-none-eabi/lib/thumb/v7e-m+fp/hard\libc_nano.a(libc_a-memchr.o)
 .ARM.attributes
                0x000008b3       0x17 D:/Tools.i4N/Arm-None-Eabi-Gcc/arm-gnu-toolchain-14.3.rel1-mingw-w64-x86_64-arm-none-eabi/bin/../lib/gcc/arm-none-eabi/14.3.1/../../../../arm-none-eabi/lib/thumb/v7e-m+fp/hard\libc_nano.a(libc_a-strlen.o)
 .ARM.attributes
                0x000008ca       0x34 D:/Tools.i4N/Arm-None-Eabi-Gcc/arm-gnu-toolchain-14.3.rel1-mingw-w64-x86_64-arm-none-eabi/bin/../lib/gcc/arm-none-eabi/14.3.1/../../../../arm-none-eabi/lib/thumb/v7e-m+fp/hard\libc_nano.a(libc_a-dtoa.o)
 .ARM.attributes
                0x000008fe       0x34 D:/Tools.i4N/Arm-None-Eabi-Gcc/arm-gnu-toolchain-14.3.rel1-mingw-w64-x86_64-arm-none-eabi/bin/../lib/gcc/arm-none-eabi/14.3.1/../../../../arm-none-eabi/lib/thumb/v7e-m+fp/hard\libc_nano.a(libc_a-freer.o)
 .ARM.attributes
                0x00000932       0x34 D:/Tools.i4N/Arm-None-Eabi-Gcc/arm-gnu-toolchain-14.3.rel1-mingw-w64-x86_64-arm-none-eabi/bin/../lib/gcc/arm-none-eabi/14.3.1/../../../../arm-none-eabi/lib/thumb/v7e-m+fp/hard\libc_nano.a(libc_a-malloc.o)
 .ARM.attributes
                0x00000966       0x34 D:/Tools.i4N/Arm-None-Eabi-Gcc/arm-gnu-toolchain-14.3.rel1-mingw-w64-x86_64-arm-none-eabi/bin/../lib/gcc/arm-none-eabi/14.3.1/../../../../arm-none-eabi/lib/thumb/v7e-m+fp/hard\libc_nano.a(libc_a-mallocr.o)
 .ARM.attributes
                0x0000099a       0x34 D:/Tools.i4N/Arm-None-Eabi-Gcc/arm-gnu-toolchain-14.3.rel1-mingw-w64-x86_64-arm-none-eabi/bin/../lib/gcc/arm-none-eabi/14.3.1/../../../../arm-none-eabi/lib/thumb/v7e-m+fp/hard\libc_nano.a(libc_a-mlock.o)
 .ARM.attributes
                0x000009ce       0x34 D:/Tools.i4N/Arm-None-Eabi-Gcc/arm-gnu-toolchain-14.3.rel1-mingw-w64-x86_64-arm-none-eabi/bin/../lib/gcc/arm-none-eabi/14.3.1/../../../../arm-none-eabi/lib/thumb/v7e-m+fp/hard\libc_nano.a(libc_a-mprec.o)
 .ARM.attributes
                0x00000a02       0x34 D:/Tools.i4N/Arm-None-Eabi-Gcc/arm-gnu-toolchain-14.3.rel1-mingw-w64-x86_64-arm-none-eabi/bin/../lib/gcc/arm-none-eabi/14.3.1/../../../../arm-none-eabi/lib/thumb/v7e-m+fp/hard\libc_nano.a(libc_a-nano-svfprintf.o)
 .ARM.attributes
                0x00000a36       0x34 D:/Tools.i4N/Arm-None-Eabi-Gcc/arm-gnu-toolchain-14.3.rel1-mingw-w64-x86_64-arm-none-eabi/bin/../lib/gcc/arm-none-eabi/14.3.1/../../../../arm-none-eabi/lib/thumb/v7e-m+fp/hard\libc_nano.a(libc_a-fflush.o)
 .ARM.attributes
                0x00000a6a       0x34 D:/Tools.i4N/Arm-None-Eabi-Gcc/arm-gnu-toolchain-14.3.rel1-mingw-w64-x86_64-arm-none-eabi/bin/../lib/gcc/arm-none-eabi/14.3.1/../../../../arm-none-eabi/lib/thumb/v7e-m+fp/hard\libc_nano.a(libc_a-memmove.o)
 .ARM.attributes
                0x00000a9e       0x34 D:/Tools.i4N/Arm-None-Eabi-Gcc/arm-gnu-toolchain-14.3.rel1-mingw-w64-x86_64-arm-none-eabi/bin/../lib/gcc/arm-none-eabi/14.3.1/../../../../arm-none-eabi/lib/thumb/v7e-m+fp/hard\libc_nano.a(libc_a-locale.o)
 .ARM.attributes
                0x00000ad2       0x34 D:/Tools.i4N/Arm-None-Eabi-Gcc/arm-gnu-toolchain-14.3.rel1-mingw-w64-x86_64-arm-none-eabi/bin/../lib/gcc/arm-none-eabi/14.3.1/../../../../arm-none-eabi/lib/thumb/v7e-m+fp/hard\libc_nano.a(libc_a-sbrkr.o)
 .ARM.attributes
                0x00000b06       0x34 D:/Tools.i4N/Arm-None-Eabi-Gcc/arm-gnu-toolchain-14.3.rel1-mingw-w64-x86_64-arm-none-eabi/bin/../lib/gcc/arm-none-eabi/14.3.1/../../../../arm-none-eabi/lib/thumb/v7e-m+fp/hard\libc_nano.a(libc_a-memcpy-stub.o)
 .ARM.attributes
                0x00000b3a       0x34 D:/Tools.i4N/Arm-None-Eabi-Gcc/arm-gnu-toolchain-14.3.rel1-mingw-w64-x86_64-arm-none-eabi/bin/../lib/gcc/arm-none-eabi/14.3.1/../../../../arm-none-eabi/lib/thumb/v7e-m+fp/hard\libc_nano.a(libc_a-assert.o)
 .ARM.attributes
                0x00000b6e       0x34 D:/Tools.i4N/Arm-None-Eabi-Gcc/arm-gnu-toolchain-14.3.rel1-mingw-w64-x86_64-arm-none-eabi/bin/../lib/gcc/arm-none-eabi/14.3.1/../../../../arm-none-eabi/lib/thumb/v7e-m+fp/hard\libc_nano.a(libc_a-callocr.o)
 .ARM.attributes
                0x00000ba2       0x34 D:/Tools.i4N/Arm-None-Eabi-Gcc/arm-gnu-toolchain-14.3.rel1-mingw-w64-x86_64-arm-none-eabi/bin/../lib/gcc/arm-none-eabi/14.3.1/../../../../arm-none-eabi/lib/thumb/v7e-m+fp/hard\libc_nano.a(libc_a-mbtowc_r.o)
 .ARM.attributes
                0x00000bd6       0x34 D:/Tools.i4N/Arm-None-Eabi-Gcc/arm-gnu-toolchain-14.3.rel1-mingw-w64-x86_64-arm-none-eabi/bin/../lib/gcc/arm-none-eabi/14.3.1/../../../../arm-none-eabi/lib/thumb/v7e-m+fp/hard\libc_nano.a(libc_a-reallocr.o)
 .ARM.attributes
                0x00000c0a       0x34 D:/Tools.i4N/Arm-None-Eabi-Gcc/arm-gnu-toolchain-14.3.rel1-mingw-w64-x86_64-arm-none-eabi/bin/../lib/gcc/arm-none-eabi/14.3.1/../../../../arm-none-eabi/lib/thumb/v7e-m+fp/hard\libc_nano.a(libc_a-wctomb_r.o)
 .ARM.attributes
                0x00000c3e       0x34 D:/Tools.i4N/Arm-None-Eabi-Gcc/arm-gnu-toolchain-14.3.rel1-mingw-w64-x86_64-arm-none-eabi/bin/../lib/gcc/arm-none-eabi/14.3.1/../../../../arm-none-eabi/lib/thumb/v7e-m+fp/hard\libc_nano.a(libc_a-ctype_.o)
 .ARM.attributes
                0x00000c72       0x34 D:/Tools.i4N/Arm-None-Eabi-Gcc/arm-gnu-toolchain-14.3.rel1-mingw-w64-x86_64-arm-none-eabi/bin/../lib/gcc/arm-none-eabi/14.3.1/../../../../arm-none-eabi/lib/thumb/v7e-m+fp/hard\libc_nano.a(libc_a-fprintf.o)
 .ARM.attributes
                0x00000ca6       0x34 D:/Tools.i4N/Arm-None-Eabi-Gcc/arm-gnu-toolchain-14.3.rel1-mingw-w64-x86_64-arm-none-eabi/bin/../lib/gcc/arm-none-eabi/14.3.1/../../../../arm-none-eabi/lib/thumb/v7e-m+fp/hard\libc_nano.a(libc_a-abort.o)
 .ARM.attributes
                0x00000cda       0x34 D:/Tools.i4N/Arm-None-Eabi-Gcc/arm-gnu-toolchain-14.3.rel1-mingw-w64-x86_64-arm-none-eabi/bin/../lib/gcc/arm-none-eabi/14.3.1/../../../../arm-none-eabi/lib/thumb/v7e-m+fp/hard\libc_nano.a(libc_a-msizer.o)
 .ARM.attributes
                0x00000d0e       0x34 D:/Tools.i4N/Arm-None-Eabi-Gcc/arm-gnu-toolchain-14.3.rel1-mingw-w64-x86_64-arm-none-eabi/bin/../lib/gcc/arm-none-eabi/14.3.1/../../../../arm-none-eabi/lib/thumb/v7e-m+fp/hard\libc_nano.a(libc_a-nano-vfprintf.o)
 .ARM.attributes
                0x00000d42       0x34 D:/Tools.i4N/Arm-None-Eabi-Gcc/arm-gnu-toolchain-14.3.rel1-mingw-w64-x86_64-arm-none-eabi/bin/../lib/gcc/arm-none-eabi/14.3.1/../../../../arm-none-eabi/lib/thumb/v7e-m+fp/hard\libc_nano.a(libc_a-wbuf.o)
 .ARM.attributes
                0x00000d76       0x34 D:/Tools.i4N/Arm-None-Eabi-Gcc/arm-gnu-toolchain-14.3.rel1-mingw-w64-x86_64-arm-none-eabi/bin/../lib/gcc/arm-none-eabi/14.3.1/../../../../arm-none-eabi/lib/thumb/v7e-m+fp/hard\libc_nano.a(libc_a-wsetup.o)
 .ARM.attributes
                0x00000daa       0x34 D:/Tools.i4N/Arm-None-Eabi-Gcc/arm-gnu-toolchain-14.3.rel1-mingw-w64-x86_64-arm-none-eabi/bin/../lib/gcc/arm-none-eabi/14.3.1/../../../../arm-none-eabi/lib/thumb/v7e-m+fp/hard\libc_nano.a(libc_a-signal.o)
 .ARM.attributes
                0x00000dde       0x34 D:/Tools.i4N/Arm-None-Eabi-Gcc/arm-gnu-toolchain-14.3.rel1-mingw-w64-x86_64-arm-none-eabi/bin/../lib/gcc/arm-none-eabi/14.3.1/../../../../arm-none-eabi/lib/thumb/v7e-m+fp/hard\libc_nano.a(libc_a-signalr.o)
 .ARM.attributes
                0x00000e12       0x34 D:/Tools.i4N/Arm-None-Eabi-Gcc/arm-gnu-toolchain-14.3.rel1-mingw-w64-x86_64-arm-none-eabi/bin/../lib/gcc/arm-none-eabi/14.3.1/../../../../arm-none-eabi/lib/thumb/v7e-m+fp/hard\libc_nano.a(libc_a-makebuf.o)
 .ARM.attributes
                0x00000e46       0x34 D:/Tools.i4N/Arm-None-Eabi-Gcc/arm-gnu-toolchain-14.3.rel1-mingw-w64-x86_64-arm-none-eabi/bin/../lib/gcc/arm-none-eabi/14.3.1/../../../../arm-none-eabi/lib/thumb/v7e-m+fp/hard\libc_nano.a(libc_a-fstatr.o)
 .ARM.attributes
                0x00000e7a       0x34 D:/Tools.i4N/Arm-None-Eabi-Gcc/arm-gnu-toolchain-14.3.rel1-mingw-w64-x86_64-arm-none-eabi/bin/../lib/gcc/arm-none-eabi/14.3.1/../../../../arm-none-eabi/lib/thumb/v7e-m+fp/hard\libc_nano.a(libc_a-isattyr.o)
 .ARM.attributes
                0x00000eae       0x22 D:/Tools.i4N/Arm-None-Eabi-Gcc/arm-gnu-toolchain-14.3.rel1-mingw-w64-x86_64-arm-none-eabi/bin/../lib/gcc/arm-none-eabi/14.3.1/thumb/v7e-m+fp/hard\libgcc.a(_arm_addsubdf3.o)
 .ARM.attributes
                0x00000ed0       0x22 D:/Tools.i4N/Arm-None-Eabi-Gcc/arm-gnu-toolchain-14.3.rel1-mingw-w64-x86_64-arm-none-eabi/bin/../lib/gcc/arm-none-eabi/14.3.1/thumb/v7e-m+fp/hard\libgcc.a(_arm_muldivdf3.o)
 .ARM.attributes
                0x00000ef2       0x22 D:/Tools.i4N/Arm-None-Eabi-Gcc/arm-gnu-toolchain-14.3.rel1-mingw-w64-x86_64-arm-none-eabi/bin/../lib/gcc/arm-none-eabi/14.3.1/thumb/v7e-m+fp/hard\libgcc.a(_arm_cmpdf2.o)
 .ARM.attributes
                0x00000f14       0x22 D:/Tools.i4N/Arm-None-Eabi-Gcc/arm-gnu-toolchain-14.3.rel1-mingw-w64-x86_64-arm-none-eabi/bin/../lib/gcc/arm-none-eabi/14.3.1/thumb/v7e-m+fp/hard\libgcc.a(_arm_unorddf2.o)
 .ARM.attributes
                0x00000f36       0x22 D:/Tools.i4N/Arm-None-Eabi-Gcc/arm-gnu-toolchain-14.3.rel1-mingw-w64-x86_64-arm-none-eabi/bin/../lib/gcc/arm-none-eabi/14.3.1/thumb/v7e-m+fp/hard\libgcc.a(_arm_fixdfsi.o)
 .ARM.attributes